data/saved_data/run_2025_05_07_1148_monitoring_demand/firm_data.csv
Step,AgentID,FirmType,Profit,Inventory,ProductPrice,RevenuePerEmployee,ProductionLevel,NumEmployees,DemandReceived,InventoryDemandRatio,SellThroughRate,ProductionCapacity,Revenue,Costs,Markup,ProducedUnits,IncomeBracket,NumPeople,SpendRatio,PostTaxIncome,HouseholdExpense,HouseholdSavings,HealthLevel,Welfare,SkillLevel,SkillType,JobLevel,IsEmployed,Wage
4,3,necessity,4325.396916071419,2463.7999999999993,47.26281250989841,3980.6696398423055,0.0,117.0,17100.0,,,7798.0,461757.67822170747,457432.28130563605,0.35,0.0,,,,,,,,,,,,0,
19,3,necessity,-86943.56619169586,6878.0,813.1325297715691,8828.296037519893,0.0,120.0,1594.0,,,7798.0,1050567.2284648672,1137510.794656563,0.35,0.0,,,,,,,,,,,,0,
20,3,necessity,-318288.60305691184,5284.0,813.1325297715691,10801.110437132342,0.0,121.0,850.0,,,7798.0,1296133.252455881,1614421.855512793,0.35,0.0,,,,,,,,,,,,0,
21,3,necessity,-1112471.6959013282,4434.0,813.1325297715691,5712.088019056478,0.0,120.0,886.0,,,7798.0,691162.6503058338,1803634.346207162,0.35,0.0,,,,,,,,,,,,0,
22,3,necessity,-606287.863973322,3548.0,813.1325297715691,6003.628511480086,0.0,121.0,550.0,,,7798.0,720435.4213776103,1326723.2853509323,0.35,0.0,,,,,,,,,,,,0,
23,3,necessity,-1332418.0637944404,2998.0,813.1325297715691,3696.0569535071327,0.0,120.0,678.0,,,7798.0,447222.89137436304,1779640.9551688035,0.35,0.0,,,,,,,,,,,,0,
24,3,necessity,-775419.4301658084,2320.0,813.1325297715691,4594.198793209365,0.0,121.0,743.0,,,7798.0,551303.8551851239,1326723.2853509323,0.35,0.0,,,,,,,,,,,,0,
25,3,necessity,-1150363.5257738964,1577.0,813.1325297715691,4993.036939010544,0.0,122.0,1042.0,,,7798.0,604157.4696202759,1754520.9953941721,0.35,0.0,,,,,,,,,,,,0,
31,3,necessity,-1239882.7897663675,736.0,10995.540357555541,5810.6514084643095,0.0,122.0,111.0,,,7798.0,714710.1232411101,1954592.9130074775,0.35,0.0,,,,,,,,,,,,0,
32,3,necessity,-481292.5007192674,625.0,10995.540357555541,10004.139177775944,0.0,123.0,36.0,,,7798.0,1220504.9796886651,1701797.4804079325,0.35,0.0,,,,,,,,,,,,0,
33,3,necessity,-1572479.4707825272,589.0,10995.540357555541,3218.206933918695,0.0,122.0,60.0,,,7798.0,395839.45287199947,1968318.9236545267,0.35,0.0,,,,,,,,,,,,0,
34,3,necessity,-1049659.7935613585,529.0,10995.540357555541,5407.642798797807,0.0,123.0,107.0,,,7798.0,659732.4214533324,1709392.2150146908,0.35,0.0,,,,,,,,,,,,0,
35,3,necessity,-811484.2139543027,422.0,10995.540357555541,9565.226164702788,0.0,124.0,134.0,,,7798.0,1176522.818258443,1988007.0322127456,0.35,0.0,,,,,,,,,,,,0,
36,3,necessity,-931087.0600902415,288.0,10995.540357555541,11882.277483164858,0.0,125.0,121.0,,,7798.0,1473402.4079124425,2404489.468002684,0.35,0.0,,,,,,,,,,,,0,
37,3,necessity,-1327746.5829583316,167.0,10995.540357555541,10643.683066113765,0.0,124.0,120.0,,,7798.0,1330460.3832642206,2658206.966222552,0.35,0.0,,,,,,,,,,,,0,
4,6,necessity,-306350.06050362915,3979.2,99.30212137222225,3298.2490312916675,0.0,71.0,5231.0,,,4042.0,230877.43219041673,537227.4926940459,0.35,0.0,,,,,,,,,,,,0,
11,6,necessity,-1009305.2414582742,2252.0,6427.084580306761,4930.366253386009,0.0,72.0,55.0,,,4042.0,359916.7364971786,1369221.9779554529,0.35,0.0,,,,,,,,,,,,0,
12,6,necessity,-689338.5294355786,2197.0,6427.084580306761,4909.578498845443,0.0,71.0,26.0,,,4042.0,353489.6519168719,1042828.1813524505,0.35,0.0,,,,,,,,,,,,0,
13,6,necessity,-514526.1265453317,2171.0,6427.084580306761,2353.5802688447297,0.0,70.0,64.0,,,4042.0,167104.1990879758,681630.3256333075,0.35,0.0,,,,,,,,,,,,0,
14,6,necessity,-65414.29652351147,2107.0,6427.084580306761,5876.191616280467,0.0,71.0,100.0,,,4042.0,411333.4131396327,476747.7096631442,0.35,0.0,,,,,,,,,,,,0,
15,6,necessity,-138936.37246683252,2007.0,6427.084580306761,9052.23180324896,0.0,72.0,104.0,,,4042.0,642708.4580306761,781644.8304975086,0.35,0.0,,,,,,,,,,,,0,
16,6,necessity,-655173.4425387039,1903.0,6427.084580306761,9283.566615998656,0.0,73.0,161.0,,,4042.0,668416.7963519032,1323590.2388906071,0.35,0.0,,,,,,,,,,,,0,
17,6,necessity,-479743.10471700237,1742.0,6427.084580306761,14174.802978484775,0.0,74.0,38.0,,,4042.0,1034760.6174293886,1514503.722146391,0.35,0.0,,,,,,,,,,,,0,
18,6,necessity,-1566246.3848134328,1704.0,6427.084580306761,3300.3947844818504,0.0,73.0,185.0,,,4042.0,244229.21405165692,1810475.5988650897,0.35,0.0,,,,,,,,,,,,0,
19,6,necessity,-79519.54311524029,1519.0,6427.084580306761,16287.81708707878,0.0,74.0,128.0,,,4042.0,1189010.647356751,1268530.1904719912,0.35,0.0,,,,,,,,,,,,0,
20,6,necessity,-989777.6805526003,1391.0,6427.084580306761,11117.119274044127,0.0,73.0,81.0,,,4042.0,822666.8262792655,1812444.5068318658,0.35,0.0,,,,,,,,,,,,0,
21,6,necessity,-747936.3394671435,1310.0,6427.084580306761,7131.422616504763,0.0,72.0,85.0,,,4042.0,520593.8510048477,1268530.1904719912,0.35,0.0,,,,,,,,,,,,0,
22,6,necessity,-426256.12442721776,1225.0,6427.084580306761,7587.530407306593,0.0,73.0,104.0,,,4042.0,546302.1893260747,972558.3137532924,0.35,0.0,,,,,,,,,,,,0,
23,6,necessity,-616126.5978350024,1121.0,6427.084580306761,9156.394470574018,0.0,74.0,85.0,,,4042.0,668416.7963519032,1284543.3941869056,0.35,0.0,,,,,,,,,,,,0,
24,6,necessity,-1214666.3956460687,1036.0,6427.084580306761,7382.462017919928,0.0,73.0,122.0,,,4042.0,546302.1893260747,1760968.5849721434,0.35,0.0,,,,,,,,,,,,0,
25,6,necessity,-500439.0753894807,914.0,6427.084580306761,10741.15505201952,0.0,74.0,171.0,,,4042.0,784104.3187974249,1284543.3941869056,0.35,0.0,,,,,,,,,,,,0,
26,6,necessity,-644127.7393114457,743.0,6427.084580306761,14851.776530168328,0.0,75.0,143.0,,,4042.0,1099031.4632324562,1743159.202543902,0.35,0.0,,,,,,,,,,,,0,
27,6,necessity,-1084336.2930263558,600.0,6427.084580306761,12254.307933118225,0.0,74.0,225.0,,,4042.0,919073.0949838669,2003409.3880102227,0.35,0.0,,,,,,,,,,,,0,
28,6,necessity,-98699.54908420495,375.0,6427.084580306761,19541.811223905694,0.0,75.0,232.0,,,4042.0,1446094.0305690214,1544793.5796532263,0.35,0.0,,,,,,,,,,,,0,
34,6,necessity,-195953.8244205939,157.0,56201.65646802635,18227.56425990044,0.0,75.0,20.0,,,4042.0,1348839.7552326324,1544793.5796532263,0.35,0.0,,,,,,,,,,,,0,
35,6,necessity,-893463.7651871811,137.0,56201.65646802635,14987.108391473694,0.0,74.0,12.0,,,4042.0,1124033.129360527,2017496.894547708,0.35,0.0,,,,,,,,,,,,0,
36,6,necessity,-870373.7020369101,125.0,56201.65646802635,9113.78212995022,0.0,73.0,22.0,,,4042.0,674419.8776163162,1544793.5796532263,0.35,0.0,,,,,,,,,,,,0,
37,6,necessity,-3460.016522282036,103.0,56201.65646802635,16937.48551091205,0.0,74.0,15.0,,,4042.0,1236436.4422965797,1239896.4588188617,0.35,0.0,,,,,,,,,,,,0,
38,6,necessity,-703414.5906569686,88.0,56201.65646802635,11392.227662437774,0.0,73.0,21.0,,,4042.0,843024.8470203952,1546439.4376773639,0.35,0.0,,,,,,,,,,,,0,
39,6,necessity,-59661.672990308376,67.0,56201.65646802635,16167.599805870594,0.0,74.0,18.0,,,4042.0,1180234.7858285534,1239896.4588188617,0.35,0.0,,,,,,,,,,,,0,
40,6,necessity,-537818.0109122166,49.0,56201.65646802635,13670.673194925328,0.0,73.0,29.0,,,4042.0,1011629.8164244742,1549447.8273366909,0.35,0.0,,,,,,,,,,,,0,
4,8,necessity,-205432.9603585703,4187.9,66.93622433498254,3055.441769643909,0.0,86.0,5606.0,,,4089.0,259712.55041973226,465145.51077830256,0.35,0.0,,,,,,,,,,,,0,
11,8,necessity,-668551.4482323667,3270.0,7642.734199104629,7208.487937791866,0.0,87.0,66.0,,,4089.0,634346.9385256842,1302898.3867580509,0.35,0.0,,,,,,,,,,,,0,
12,8,necessity,-367455.2771125045,3204.0,7642.734199104629,5797.936288975925,0.0,86.0,72.0,,,4089.0,504420.4571409055,871875.73425341,0.35,0.0,,,,,,,,,,,,0,
13,8,necessity,-38620.836279531824,3132.0,7642.734199104629,6398.568166692247,0.0,87.0,25.0,,,4089.0,550276.8623355333,588897.6986150651,0.35,0.0,,,,,,,,,,,,0,
14,8,necessity,-684143.8138773778,3107.0,7642.734199104629,2196.187988248457,0.0,86.0,100.0,,,4089.0,191068.35497761573,875212.1688549935,0.35,0.0,,,,,,,,,,,,0,
15,8,necessity,175375.72129539785,3007.0,7642.734199104629,8886.900231517011,0.0,87.0,100.0,,,4089.0,764273.4199104629,588897.6986150651,0.35,0.0,,,,,,,,,,,,0,
16,8,necessity,-99684.5825833428,2907.0,7642.734199104629,8784.751952993827,0.0,86.0,78.0,,,4089.0,764273.4199104629,863958.0024938057,0.35,0.0,,,,,,,,,,,,0,
17,8,necessity,7235.568915095995,2829.0,7642.734199104629,6931.782180583268,0.0,85.0,153.0,,,4089.0,596133.2675301611,588897.6986150651,0.35,0.0,,,,,,,,,,,,0,
18,8,necessity,751572.0554753332,2676.0,7642.734199104629,13756.92155838833,0.0,86.0,98.0,,,4089.0,1169338.3324630081,417766.27698767494,0.35,0.0,,,,,,,,,,,,0,
19,8,necessity,3748.0119239622727,2578.0,7642.734199104629,8709.16222688667,0.0,85.0,93.0,,,4089.0,748987.9515122536,745239.9395882913,0.35,0.0,,,,,,,,,,,,0,
20,8,necessity,293008.00352905557,2485.0,7642.734199104629,8362.050359020359,0.0,84.0,59.0,,,4089.0,710774.2805167305,417766.27698767494,0.35,0.0,,,,,,,,,,,,0,
21,8,necessity,215322.5158994559,2426.0,7642.734199104629,5368.110925561584,0.0,83.0,135.0,,,4089.0,450921.3177471731,235598.80184771717,0.35,0.0,,,,,,,,,,,,0,
22,8,necessity,-4738473.883120875,2291.0,7642.734199104629,12430.953215411144,0.0,84.0,109.0,,,4089.0,1031769.1168791249,5770243.0,0.35,0.0,,,,,,,,,,,,0,
23,8,necessity,648753.3665241793,2182.0,7642.734199104629,9917.357472647673,0.0,83.0,72.0,,,4089.0,833058.0277024045,184304.6611782252,0.35,0.0,,,,,,,,,,,,0,
24,8,necessity,-5219966.137664467,2110.0,7642.734199104629,6629.841714885943,0.0,82.0,105.0,,,4089.0,550276.8623355333,5770243.0,0.35,0.0,,,,,,,,,,,,0,
25,8,necessity,-4898234.909094014,2005.0,7642.734199104629,9786.42793787788,0.0,83.0,202.0,,,4089.0,802487.090905986,5700722.0,0.35,0.0,,,,,,,,,,,,0,
26,8,necessity,1345380.5035407478,1803.0,7642.734199104629,18600.38925565223,0.0,84.0,110.0,,,4089.0,1543832.308219135,198451.8046783872,0.35,0.0,,,,,,,,,,,,0,
27,8,necessity,376033.93996407185,1693.0,7642.734199104629,10008.342403589395,0.0,83.0,168.0,,,4089.0,840700.7619015091,464666.8219374373,0.35,0.0,,,,,,,,,,,,0,
28,8,necessity,1085527.5407711903,1525.0,7642.734199104629,15469.630668067199,0.0,84.0,156.0,,,4089.0,1283979.3454495776,198451.8046783872,0.35,0.0,,,,,,,,,,,,0,
29,8,necessity,723336.5280069041,1369.0,7642.734199104629,14193.649226908597,0.0,83.0,69.0,,,4089.0,1192266.5350603221,468930.0070534181,0.35,0.0,,,,,,,,,,,,0,
30,8,necessity,328896.8550598321,1300.0,7642.734199104629,6353.598310099028,0.0,82.0,137.0,,,4089.0,527348.6597382193,198451.8046783872,0.35,0.0,,,,,,,,,,,,0,
31,8,necessity,-4653667.414722666,1163.0,7642.734199104629,12768.95835704066,0.0,83.0,239.0,,,4089.0,1047054.5852773341,5700722.0,0.35,0.0,,,,,,,,,,,,0,
32,8,necessity,1648969.9597646634,924.0,7642.734199104629,22007.391248024174,0.0,84.0,158.0,,,4089.0,1826613.4735860063,177643.51382134296,0.35,0.0,,,,,,,,,,,,0,
33,8,necessity,735439.1102100604,766.0,7642.734199104629,14375.61908879204,0.0,83.0,181.0,,,4089.0,1207552.0034585313,472112.89324847097,0.35,0.0,,,,,,,,,,,,0,
34,8,necessity,1205691.3762165948,585.0,7642.734199104629,16666.68542214383,0.0,84.0,100.0,,,4089.0,1383334.8900379378,177643.51382134296,0.35,0.0,,,,,,,,,,,,0,
35,8,necessity,271737.2359574555,485.0,7642.734199104629,9098.493094172178,0.0,83.0,182.0,,,4089.0,764273.4199104629,492536.18395300745,0.35,0.0,,,,,,,,,,,,0,
36,8,necessity,1213334.1104156994,303.0,7642.734199104629,16758.7665570728,0.0,84.0,224.0,,,4089.0,1390977.6242370424,177643.51382134296,0.35,0.0,,,,,,,,,,,,0,
4,10,necessity,-210299.96024258545,4877.4,61.66352394830197,4902.83188524801,0.0,54.0,8427.0,,,6154.0,259850.0899181445,470150.05016072997,0.35,0.0,,,,,,,,,,,,0,
11,10,necessity,-684288.2615131955,4620.0,1197.1471697550949,9235.135309539302,0.0,57.0,408.0,,,6154.0,517167.57733420096,1201455.8388473964,0.35,0.0,,,,,,,,,,,,0,
12,10,necessity,-1124318.7370124615,4212.0,1197.1471697550949,8569.053425615415,0.0,56.0,360.0,,,6154.0,488436.0452600787,1612754.7822725403,0.35,0.0,,,,,,,,,,,,0,
13,10,necessity,-770482.8577355623,3852.0,1197.1471697550949,7695.9460912827535,0.0,55.0,240.0,,,6154.0,430972.9811118342,1201455.8388473964,0.35,0.0,,,,,,,,,,,,0,
14,10,necessity,-632979.9924143427,3612.0,1197.1471697550949,5223.9149225676865,0.0,54.0,312.0,,,6154.0,287315.32074122276,920295.3131555654,0.35,0.0,,,,,,,,,,,,0,
15,10,necessity,-187473.39702457632,3300.0,1197.1471697550949,6916.850314140548,0.0,55.0,480.0,,,6154.0,373509.9169635896,560983.3139881659,0.35,0.0,,,,,,,,,,,,0,
16,10,necessity,-334271.43255187664,2820.0,1197.1471697550949,10447.829845135373,0.0,56.0,168.0,,,6154.0,574630.6414824455,908902.0740343222,0.35,0.0,,,,,,,,,,,,0,
17,10,necessity,-996873.8556510677,2652.0,1197.1471697550949,3591.441509265285,0.0,55.0,624.0,,,6154.0,201120.72451885595,1197994.5801699236,0.35,0.0,,,,,,,,,,,,0,
18,10,necessity,-161882.24010714295,2028.0,1197.1471697550949,13582.178798675986,0.0,56.0,552.0,,,6154.0,747019.8339271792,908902.0740343222,0.35,0.0,,,,,,,,,,,,0,
19,10,necessity,-547520.3871435078,1476.0,1197.1471697550949,11800.45067330022,0.0,55.0,144.0,,,6154.0,660825.2377048123,1208345.6248483201,0.35,0.0,,,,,,,,,,,,0,
20,10,necessity,-736512.8815895885,1332.0,1197.1471697550949,3134.348953540612,0.0,54.0,528.0,,,6154.0,172389.19244473366,908902.0740343222,0.35,0.0,,,,,,,,,,,,0,
21,10,necessity,71110.39164252416,804.0,1197.1471697550949,11705.438993160928,0.0,55.0,696.0,,,6154.0,632093.7056306901,560983.3139881659,0.35,0.0,,,,,,,,,,,,0,
28,10,necessity,-791525.9111034583,486.0,19744.65477903186,9352.731211120356,0.0,56.0,50.0,,,6154.0,533105.6790338602,1324631.5901373185,0.35,0.0,,,,,,,,,,,,0,
29,10,necessity,-83658.47031705291,436.0,19744.65477903186,17629.156052707018,0.0,57.0,42.0,,,6154.0,987232.7389515929,1070891.2092686458,0.35,0.0,,,,,,,,,,,,0,
30,10,necessity,-494673.7954051426,394.0,19744.65477903186,14548.692995076106,0.0,56.0,63.0,,,6154.0,829275.5007193381,1323949.2961244807,0.35,0.0,,,,,,,,,,,,0,
31,10,necessity,173022.0418103612,331.0,19744.65477903186,22212.73662641084,0.0,57.0,43.0,,,6154.0,1243913.251079007,1070891.2092686458,0.35,0.0,,,,,,,,,,,,0,
32,10,necessity,-490976.37832758075,288.0,19744.65477903186,14895.090447339824,0.0,56.0,56.0,,,6154.0,849020.15549837,1339996.5338259507,0.35,0.0,,,,,,,,,,,,0,
33,10,necessity,34809.45835713809,232.0,19744.65477903186,19744.654779031855,0.0,57.0,45.0,,,6154.0,1105700.667625784,1070891.2092686458,0.35,0.0,,,,,,,,,,,,0,
34,10,necessity,-439263.9174696766,187.0,19744.65477903186,15587.885351867255,0.0,56.0,65.0,,,6154.0,888509.4650564336,1327773.3825261102,0.35,0.0,,,,,,,,,,,,0,
35,10,necessity,212511.35136842495,122.0,19744.65477903186,22917.902868519122,0.0,57.0,55.0,,,6154.0,1283402.5606370708,1070891.2092686458,0.35,0.0,,,,,,,,,,,,0,
41,10,necessity,-1070891.2092686458,57.0,1866457.2944131624,0.0,0.0,57.0,0.0,,,6154.0,0.0,1070891.2092686458,0.35,0.0,,,,,,,,,,,,0,
