data/saved_data/run_2025_05_07_1148_monitoring_demand/firm_data.csv
Step,AgentID,FirmType,Profit,Inventory,ProductPrice,RevenuePerEmployee,ProductionLevel,NumEmployees,DemandReceived,InventoryDemandRatio,SellThroughRate,ProductionCapacity,Revenue,Costs,Markup,ProducedUnits,IncomeBracket,NumPeople,SpendRatio,PostTaxIncome,HouseholdExpense,HouseholdSavings,HealthLevel,Welfare,SkillLevel,SkillType,JobLevel,IsEmployed,Wage
4,15,necessity,-259947.48212094232,8028.1,51.340580307530296,1853.4420505516673,0.0,110.0,11514.0,,,7311.0,202025.18351013173,461972.66563107405,0.35,0.0,,,,,,,,,,,,0,
11,15,necessity,278273.92250105296,12513.0,659.8228963108709,7851.892466099363,0.0,111.0,567.0,,,7311.0,863708.17127093,585434.248769877,0.35,0.0,,,,,,,,,,,,0,
12,15,necessity,-481659.73722709925,11946.0,659.8228963108709,3370.446686560935,0.0,110.0,567.0,,,7311.0,374119.5822082638,855779.319435363,0.35,0.0,,,,,,,,,,,,0,
13,15,necessity,-211314.6665616132,11379.0,659.8228963108709,3401.0871109842165,0.0,111.0,610.0,,,7311.0,374119.5822082638,585434.248769877,0.35,0.0,,,,,,,,,,,,0,
14,15,necessity,-528233.0137114901,10769.0,659.8228963108709,3626.053754501182,0.0,112.0,828.0,,,7311.0,402491.9667496312,930724.9804611213,0.35,0.0,,,,,,,,,,,,0,
15,15,necessity,-702395.1314271109,9941.0,659.8228963108709,4877.97641201251,0.0,113.0,1309.0,,,7311.0,546333.3581454011,1248728.489572512,0.35,0.0,,,,,,,,,,,,0,
16,15,necessity,-857430.8099414096,8632.0,659.8228963108709,7643.43514399053,0.0,114.0,2053.0,,,7311.0,863708.17127093,1721138.9812123396,0.35,0.0,,,,,,,,,,,,0,
17,15,necessity,-563059.3529591803,6579.0,659.8228963108709,11882.600053738754,0.0,115.0,304.0,,,7311.0,1354616.406126218,1917675.7590853982,0.35,0.0,,,,,,,,,,,,0,
18,15,necessity,-2008488.3797834138,6275.0,659.8228963108709,1744.2274824217805,0.0,114.0,1310.0,,,7311.0,200586.16047850475,2209074.5402619187,0.35,0.0,,,,,,,,,,,,0,
19,15,necessity,-872296.0544548503,4965.0,659.8228963108709,7582.1753874319365,0.0,115.0,785.0,,,7311.0,864367.9941672408,1736664.048622091,0.35,0.0,,,,,,,,,,,,0,
20,15,necessity,-1684214.0049802815,4180.0,659.8228963108709,4504.008466122032,0.0,114.0,1046.0,,,7311.0,517960.97360403364,2202174.978584315,0.35,0.0,,,,,,,,,,,,0,
21,15,necessity,-1046489.2990809202,3134.0,659.8228963108709,6054.164469659394,0.0,115.0,349.0,,,7311.0,690174.7495411709,1736664.048622091,0.35,0.0,,,,,,,,,,,,0,
22,15,necessity,-1956460.5438481837,2785.0,659.8228963108709,2002.4190505434256,0.0,114.0,1352.0,,,7311.0,230278.19081249394,2186738.7346606776,0.35,0.0,,,,,,,,,,,,0,
23,15,necessity,-844583.4928097937,1433.0,659.8228963108709,7825.268033441205,0.0,115.0,1984.0,,,7311.0,892080.5558122974,1736664.048622091,0.35,0.0,,,,,,,,,,,,0,
29,15,necessity,-570790.8389868082,1179.0,15486.274886457153,9237.427125255144,0.0,115.0,86.0,,,7311.0,1053066.6922790864,1623857.5312658946,0.35,0.0,,,,,,,,,,,,0,
30,15,necessity,-714933.7516534987,1093.0,15486.274886457153,11581.040349872304,0.0,116.0,68.0,,,7311.0,1331819.640235315,2046753.3918888138,0.35,0.0,,,,,,,,,,,,0,
31,15,necessity,-1275034.342912837,1025.0,15486.274886457153,9078.161140336952,0.0,115.0,60.0,,,7311.0,1053066.6922790864,2328101.0351919234,0.35,0.0,,,,,,,,,,,,0,
32,15,necessity,-976028.6813815753,965.0,15486.274886457153,8079.795592934167,0.0,114.0,96.0,,,7311.0,929176.4931874292,1905205.1745690044,0.35,0.0,,,,,,,,,,,,0,
33,15,necessity,-137175.142166008,869.0,15486.274886457153,13041.073588595496,0.0,115.0,40.0,,,7311.0,1486682.3890998866,1623857.5312658946,0.35,0.0,,,,,,,,,,,,0,
34,15,necessity,-1537258.417057529,829.0,15486.274886457153,5386.530395289445,0.0,114.0,57.0,,,7311.0,619450.9954582861,2156709.4125158153,0.35,0.0,,,,,,,,,,,,0,
35,15,necessity,-741139.8627378369,772.0,15486.274886457153,7743.137443228577,0.0,115.0,97.0,,,7311.0,882717.6685280578,1623857.5312658946,0.35,0.0,,,,,,,,,,,,0,
36,15,necessity,-564835.9585697434,675.0,15486.274886457153,13062.336208576904,0.0,116.0,63.0,,,7311.0,1502168.663986344,2067004.6225560873,0.35,0.0,,,,,,,,,,,,0,
37,15,necessity,-1402774.4075133093,612.0,15486.274886457153,8410.649291782764,0.0,115.0,121.0,,,7311.0,975635.3178468007,2378409.72536011,0.35,0.0,,,,,,,,,,,,0,
38,15,necessity,-61423.37280860171,491.0,15486.274886457153,16294.25444575057,0.0,116.0,102.0,,,7311.0,1873839.2612613156,1935262.6340699173,0.35,0.0,,,,,,,,,,,,0,
39,15,necessity,-777460.9029856068,389.0,15486.274886457153,13617.241710505428,0.0,115.0,123.0,,,7311.0,1579600.0384186297,2357060.9414042365,0.35,0.0,,,,,,,,,,,,0,
40,15,necessity,-30450.82303568744,266.0,15486.274886457153,16563.58096551504,0.0,116.0,105.0,,,7311.0,1904811.8110342298,1935262.6340699173,0.35,0.0,,,,,,,,,,,,0,
41,15,necessity,-779856.2749550005,161.0,15486.274886457153,14017.748819637942,0.0,115.0,91.0,,,7311.0,1626058.8630780012,2405915.1380330017,0.35,0.0,,,,,,,,,,,,0,
4,16,necessity,-93172.02772653702,3675.5,61.0135874174886,3484.086233219349,0.0,117.0,11356.0,,,5455.0,404154.0030534445,497326.0307799815,0.35,0.0,,,,,,,,,,,,0,
14,16,necessity,-746273.1015006946,10172.0,1733.6692587281514,1704.2850340039456,0.0,119.0,263.0,,,5455.0,201105.63401246557,947378.7355131602,0.35,0.0,,,,,,,,,,,,0,
15,16,necessity,-790528.4698297894,9909.0,1733.6692587281514,3831.5547482815446,0.0,120.0,314.0,,,5455.0,455955.0150455038,1246483.4848752932,0.35,0.0,,,,,,,,,,,,0,
16,16,necessity,-1252935.6233980614,9595.0,1733.6692587281514,4536.434560338663,0.0,121.0,560.0,,,5455.0,544372.1472406395,1797307.7706387008,0.35,0.0,,,,,,,,,,,,0,
17,16,necessity,-1046833.8249680122,9035.0,1733.6692587281514,8023.593263535246,0.0,122.0,691.0,,,5455.0,970854.7848877647,2017688.609855777,0.35,0.0,,,,,,,,,,,,0,
18,16,necessity,-1092394.9078530807,8344.0,1733.6692587281514,9819.388998206168,0.0,123.0,412.0,,,5455.0,1197965.4577811526,2290360.365634233,0.35,0.0,,,,,,,,,,,,0,
19,16,necessity,-1784716.133768063,7932.0,1733.6692587281514,5807.087273138198,0.0,122.0,562.0,,,5455.0,714271.7345959983,2498987.868364061,0.35,0.0,,,,,,,,,,,,0,
20,16,necessity,-973841.4591954326,7370.0,1733.6692587281514,7986.24691315755,0.0,123.0,132.0,,,5455.0,974322.123405221,1948163.5826006536,0.35,0.0,,,,,,,,,,,,0,
21,16,necessity,-2201292.7040382763,7238.0,1733.6692587281514,1860.5231069277722,0.0,122.0,529.0,,,5455.0,228844.34215211598,2430137.046190392,0.35,0.0,,,,,,,,,,,,0,
22,16,necessity,-1031052.5447334616,6709.0,1733.6692587281514,7517.3035890753445,0.0,123.0,924.0,,,5455.0,917111.0378671921,1948163.5826006536,0.35,0.0,,,,,,,,,,,,0,
23,16,necessity,-916999.3991929155,5785.0,1733.6692587281514,13023.661748494405,0.0,124.0,496.0,,,5455.0,1601910.395064812,2518909.7942577275,0.35,0.0,,,,,,,,,,,,0,
24,16,necessity,-1860941.5429242267,5289.0,1733.6692587281514,6934.677034912605,0.0,123.0,617.0,,,5455.0,859899.9523291631,2720841.4952533897,0.35,0.0,,,,,,,,,,,,0,
25,16,necessity,-1080421.3509610465,4672.0,1733.6692587281514,8696.536037685117,0.0,124.0,396.0,,,5455.0,1069673.9326352694,2150095.283596316,0.35,0.0,,,,,,,,,,,,0,
26,16,necessity,-1958501.9519613779,4276.0,1733.6692587281514,5536.556664970548,0.0,123.0,856.0,,,5455.0,686533.0264563479,2645034.978417726,0.35,0.0,,,,,,,,,,,,0,
27,16,necessity,-666074.3981250182,3420.0,1733.6692587281514,12065.21045098616,0.0,124.0,492.0,,,5455.0,1484020.8854712977,2150095.283596316,0.35,0.0,,,,,,,,,,,,0,
28,16,necessity,-1841116.9375789776,2928.0,1733.6692587281514,6878.752220114923,0.0,123.0,534.0,,,5455.0,852965.2752942505,2694082.212873228,0.35,0.0,,,,,,,,,,,,0,
29,16,necessity,-1224315.899435483,2394.0,1733.6692587281514,7526.66165984417,0.0,124.0,506.0,,,5455.0,925779.3841608329,2150095.283596316,0.35,0.0,,,,,,,,,,,,0,
30,16,necessity,-1728591.049317283,1888.0,1733.6692587281514,7074.489071906811,0.0,123.0,651.0,,,5455.0,877236.6449164446,2605827.6942337276,0.35,0.0,,,,,,,,,,,,0,
31,16,necessity,-1021476.5961642894,1237.0,1733.6692587281514,9175.76168643924,0.0,124.0,932.0,,,5455.0,1128618.6874320265,2150095.283596316,0.35,0.0,,,,,,,,,,,,0,
38,16,necessity,-3082857.003347129,606.0,236809.26750163094,0.0,0.0,125.0,0.0,,,5455.0,0.0,3082857.003347129,0.35,0.0,,,,,,,,,,,,0,
39,16,necessity,-2631181.683532095,606.0,236809.26750163094,0.0,0.0,126.0,0.0,,,5455.0,0.0,2631181.683532095,0.35,0.0,,,,,,,,,,,,0,
40,16,necessity,-3121284.2394610825,606.0,236809.26750163094,0.0,0.0,127.0,0.0,,,5455.0,0.0,3121284.2394610825,0.35,0.0,,,,,,,,,,,,0,
41,16,necessity,-3396255.419807956,606.0,236809.26750163094,0.0,0.0,128.0,0.0,,,5455.0,0.0,3396255.419807956,0.35,0.0,,,,,,,,,,,,0,
4,17,necessity,-8883.853587237303,1772.2000000000007,54.747840377504446,11413.014910324417,0.0,44.0,3691.0,,,6952.0,490759.6411439499,499643.4947311872,0.35,0.0,,,,,,,,,,,,0,
13,17,necessity,59561.80851105487,5813.0,220.78318855328493,6181.929279491978,0.0,41.0,2091.0,,,6952.0,259641.02973866308,200079.2212276082,0.35,0.0,,,,,,,,,,,,0,
14,17,necessity,-2231304.352735081,3722.0,220.78318855328493,11259.942616217531,0.0,42.0,1175.0,,,6952.0,461657.6472649188,2692962.0,0.35,0.0,,,,,,,,,,,,0,
17,17,necessity,-2400914.9316807226,2883.0,3971.3169880574997,5659.126707981937,0.0,41.0,107.0,,,6952.0,226365.0683192775,2627280.0,0.35,0.0,,,,,,,,,,,,0,
18,17,necessity,247093.40446740264,2776.0,3971.3169880574997,10364.168724930549,0.0,42.0,143.0,,,6952.0,424930.9177221525,177837.51325474985,0.35,0.0,,,,,,,,,,,,0,
19,17,necessity,92443.73974810739,2633.0,3971.3169880574997,13521.388792671965,0.0,43.0,128.0,,,6952.0,567898.3292922225,475454.5895441151,0.35,0.0,,,,,,,,,,,,0,
20,17,necessity,-152151.53836212528,2505.0,3971.3169880574997,11821.594755147906,0.0,42.0,64.0,,,6952.0,508328.57447135996,660480.1128334852,0.35,0.0,,,,,,,,,,,,0,
21,17,necessity,-108698.7493084399,2441.0,3971.3169880574997,6051.530648468571,0.0,41.0,100.0,,,6952.0,254164.28723567998,362863.0365441199,0.35,0.0,,,,,,,,,,,,0,
22,17,necessity,212106.1755163799,2341.0,3971.3169880574997,9686.138995262194,0.0,42.0,165.0,,,6952.0,397131.69880574994,185025.52328937003,0.35,0.0,,,,,,,,,,,,0,
23,17,necessity,178928.82825013995,2176.0,3971.3169880574997,15601.602453083036,0.0,43.0,143.0,,,6952.0,655267.3030294875,476338.47477934754,0.35,0.0,,,,,,,,,,,,0,
24,17,necessity,-94390.85732979188,2033.0,3971.3169880574997,13206.937890516803,0.0,42.0,183.0,,,6952.0,567898.3292922225,662289.1866220144,0.35,0.0,,,,,,,,,,,,0,
25,17,necessity,355774.77368248557,1850.0,3971.3169880574997,17303.59544796482,0.0,43.0,115.0,,,6952.0,726751.0088145224,370976.23513203685,0.35,0.0,,,,,,,,,,,,0,
26,17,necessity,-162892.3116473623,1735.0,3971.3169880574997,10620.964037828197,0.0,42.0,186.0,,,6952.0,456701.45362661243,619593.7652739747,0.35,0.0,,,,,,,,,,,,0,
27,17,necessity,367688.72464665805,1549.0,3971.3169880574997,17587.260947111783,0.0,43.0,222.0,,,6952.0,738664.9597786949,370976.23513203685,0.35,0.0,,,,,,,,,,,,0,
28,17,necessity,271745.1088632413,1327.0,3971.3169880574997,20503.07840345965,0.0,44.0,162.0,,,6952.0,881632.371348765,609887.2624855237,0.35,0.0,,,,,,,,,,,,0,
29,17,necessity,-214708.9199325072,1165.0,3971.3169880574997,14621.66709239352,0.0,43.0,187.0,,,6952.0,643353.3520653149,858062.2719978221,0.35,0.0,,,,,,,,,,,,0,
30,17,necessity,123485.03212241724,978.0,3971.3169880574997,17270.611087598896,0.0,44.0,195.0,,,6952.0,742636.2767667525,619151.2446443352,0.35,0.0,,,,,,,,,,,,0,
31,17,necessity,-158572.0980504332,783.0,3971.3169880574997,17600.15483343665,0.0,45.0,221.0,,,6952.0,774406.8126712125,932978.9107216457,0.35,0.0,,,,,,,,,,,,0,
32,17,necessity,-468956.02670506376,562.0,3971.3169880574997,19503.578985793498,0.0,46.0,235.0,,,6952.0,877661.0543607074,1346617.0810657712,0.35,0.0,,,,,,,,,,,,0,
33,17,necessity,-620444.7378086958,327.0,3971.3169880574997,20288.24983029375,0.0,47.0,199.0,,,6952.0,933259.4921935124,1553704.2300022081,0.35,0.0,,,,,,,,,,,,0,
39,17,necessity,-294569.34042405686,168.0,22973.911912374126,13575.49340276653,0.0,45.0,65.0,,,6952.0,597321.7097217273,891891.0501457842,0.35,0.0,,,,,,,,,,,,0,
40,17,necessity,362039.71627007565,103.0,22973.911912374126,33184.53942898485,0.0,46.0,40.0,,,6952.0,1493304.2743043182,1131264.5580342426,0.35,0.0,,,,,,,,,,,,0,
4,18,necessity,-32783.90237212891,1969.8999999999996,55.24551015576452,11175.632070541913,0.0,32.0,6271.0,,,5529.0,346444.5941867993,379228.4965589282,0.35,0.0,,,,,,,,,,,,0,
12,18,necessity,-475381.0199931117,5413.0,24678.462445699814,11217.48292986355,0.0,34.0,22.0,,,5529.0,370176.9366854972,845557.9566786089,0.35,0.0,,,,,,,,,,,,0,
13,18,necessity,-667083.8025182358,5391.0,24678.462445699814,15968.41687662929,0.0,35.0,2.0,,,5529.0,542926.1738053958,1210009.9763236316,0.35,0.0,,,,,,,,,,,,0,
14,18,necessity,-1328829.0231699501,5389.0,24678.462445699814,1410.1978540399894,0.0,34.0,24.0,,,5529.0,49356.92489139963,1378185.9480613498,0.35,0.0,,,,,,,,,,,,0,
15,18,necessity,-421450.8297195318,5365.0,24678.462445699814,17420.091138141044,0.0,35.0,17.0,,,5529.0,592283.0986967955,1013733.9284163273,0.35,0.0,,,,,,,,,,,,0,
16,18,necessity,-955145.4598594436,5348.0,24678.462445699814,11986.68175933991,0.0,34.0,23.0,,,5529.0,419533.86157689686,1374679.3214363405,0.35,0.0,,,,,,,,,,,,0,
17,18,necessity,-446129.29216523166,5325.0,24678.462445699814,16694.254007385167,0.0,35.0,18.0,,,5529.0,567604.6362510957,1013733.9284163273,0.35,0.0,,,,,,,,,,,,0,
18,18,necessity,-939331.984522314,5307.0,24678.462445699814,12691.780686359903,0.0,34.0,25.0,,,5529.0,444212.32402259664,1383544.3085449107,0.35,0.0,,,,,,,,,,,,0,
19,18,necessity,-396772.367273832,5282.0,24678.462445699814,18145.92826889692,0.0,35.0,25.0,,,5529.0,616961.5611424954,1013733.9284163273,0.35,0.0,,,,,,,,,,,,0,
20,18,necessity,-771811.9590017535,5257.0,24678.462445699814,17627.47317549987,0.0,34.0,12.0,,,5529.0,616961.5611424954,1388773.5201442488,0.35,0.0,,,,,,,,,,,,0,
21,18,necessity,-717592.3790679296,5245.0,24678.462445699814,8710.045569070522,0.0,33.0,27.0,,,5529.0,296141.54934839776,1013733.9284163273,0.35,0.0,,,,,,,,,,,,0,
22,18,necessity,-130500.76718667941,5218.0,24678.462445699814,20191.469273754392,0.0,34.0,13.0,,,5529.0,666318.4860338949,796819.2532205743,0.35,0.0,,,,,,,,,,,,0,
23,18,necessity,-694583.7772327705,5205.0,24678.462445699814,9435.8826998264,0.0,33.0,33.0,,,5529.0,320820.0117940976,1015403.7890268681,0.35,0.0,,,,,,,,,,,,0,
24,18,necessity,17570.007487519528,5172.0,24678.462445699814,24678.462445699814,0.0,34.0,32.0,,,5529.0,814389.2607080939,796819.2532205743,0.35,0.0,,,,,,,,,,,,0,
25,18,necessity,-266262.686721137,5140.0,24678.462445699814,23226.78818418806,0.0,33.0,10.0,,,5529.0,789710.798262394,1055973.484983531,0.35,0.0,,,,,,,,,,,,0,
26,18,necessity,-550034.6287635763,5130.0,24678.462445699814,7478.321953242368,0.0,32.0,29.0,,,5529.0,246784.62445699814,796819.2532205743,0.35,0.0,,,,,,,,,,,,0,
27,18,necessity,217939.0625429806,5101.0,24678.462445699814,22364.856591415457,0.0,33.0,20.0,,,5529.0,715675.4109252946,497736.348382314,0.35,0.0,,,,,,,,,,,,0,
28,18,necessity,-222412.23559588694,5081.0,24678.462445699814,14956.643906484736,0.0,32.0,25.0,,,5529.0,493569.24891399627,715981.4845098832,0.35,0.0,,,,,,,,,,,,0,
29,18,necessity,119225.21276018134,5056.0,24678.462445699814,19280.04878570298,0.0,33.0,29.0,,,5529.0,616961.5611424954,497736.348382314,0.35,0.0,,,,,,,,,,,,0,
30,18,necessity,-14767.74337968952,5027.0,24678.462445699814,21687.133664402867,0.0,34.0,40.0,,,5529.0,715675.4109252946,730443.1543049841,0.35,0.0,,,,,,,,,,,,0,
31,18,necessity,-28247.93803517893,4987.0,24678.462445699814,29033.485230235074,0.0,35.0,18.0,,,5529.0,987138.4978279925,1015386.4358631715,0.35,0.0,,,,,,,,,,,,0,
32,18,necessity,-945601.2845946515,4969.0,24678.462445699814,12691.780686359903,0.0,34.0,21.0,,,5529.0,444212.32402259664,1389813.6086172482,0.35,0.0,,,,,,,,,,,,0,
33,18,necessity,-497138.72450347536,4948.0,24678.462445699814,15242.579745873416,0.0,35.0,31.0,,,5529.0,518247.7113596961,1015386.4358631715,0.35,0.0,,,,,,,,,,,,0,
34,18,necessity,-611963.713712275,4917.0,24678.462445699814,21858.066737619833,0.0,36.0,44.0,,,5529.0,765032.3358166942,1376996.0495289692,0.35,0.0,,,,,,,,,,,,0,
35,18,necessity,-591754.9353376613,4873.0,24678.462445699814,30162.56521141088,0.0,37.0,24.0,,,5529.0,1085852.3476107917,1677607.282948453,0.35,0.0,,,,,,,,,,,,0,
36,18,necessity,-1278543.3674755155,4849.0,24678.462445699814,16007.651316129608,0.0,36.0,40.0,,,5529.0,592283.0986967955,1870826.466172311,0.35,0.0,,,,,,,,,,,,0,
37,18,necessity,-522078.3546785207,4809.0,24678.462445699814,27420.513828555348,0.0,37.0,34.0,,,5529.0,987138.4978279925,1509216.8525065132,0.35,0.0,,,,,,,,,,,,0,
38,18,necessity,-1030917.8457104829,4775.0,24678.462445699814,22677.506031183613,0.0,36.0,42.0,,,5529.0,839067.7231537937,1869985.5688642766,0.35,0.0,,,,,,,,,,,,0,
39,18,necessity,-472721.429787121,4733.0,24678.462445699814,28791.53951998312,0.0,37.0,48.0,,,5529.0,1036495.4227193922,1509216.8525065132,0.35,0.0,,,,,,,,,,,,0,
40,18,necessity,-695430.1199131003,4685.0,24678.462445699814,32015.302632259216,0.0,38.0,50.0,,,5529.0,1184566.197393591,1879996.3173066913,0.35,0.0,,,,,,,,,,,,0,
41,18,necessity,-880829.891234383,4635.0,24678.462445699814,32471.661112762915,0.0,39.0,20.0,,,5529.0,1233923.1222849907,2114753.0135193737,0.35,0.0,,,,,,,,,,,,0,
