data/saved_data/run_2025_05_07_1148_monitoring_demand/firm_data.csv
Step,AgentID,FirmType,Profit,Inventory,ProductPrice,RevenuePerEmployee,ProductionLevel,NumEmployees,DemandReceived,InventoryDemandRatio,SellThroughRate,ProductionCapacity,Revenue,Costs,Markup,ProducedUnits,IncomeBracket,NumPeople,SpendRatio,PostTaxIncome,HouseholdExpense,HouseholdSavings,HealthLevel,Welfare,SkillLevel,SkillType,JobLevel,IsEmployed,Wage
6,21,necessity,-1103942.1549768276,4604.0,333.7047718484766,13123.595141727426,1.0,23.0,950.0,,,5634.0,288719.0931180034,1392661.248094831,0.35,5634.0,,,,,,,,,,,,0,
7,21,necessity,91534.14508468154,9288.0,54.030045079396714,13783.457967654467,1.0,24.0,28100.0,,,5634.0,317019.53325605276,225485.38817137122,0.35,5634.0,,,,,,,,,,,,0,
8,21,necessity,305119.6169769691,0.0,120.07589032160789,33593.180528114906,1.0,25.0,9369.0,,,5634.0,806236.3326747578,501116.7156977887,0.35,5634.0,,,,,,,,,,,,0,
9,21,necessity,10342.686141320039,0.0,159.62417247900447,27060.302642877552,1.0,24.0,3253.0,,,5634.0,676507.5660719388,666164.8799306188,0.35,5634.0,,,,,,,,,,,,0,
10,21,necessity,128723.8806700001,2381.0,93.57832723679334,21635.72637809173,1.0,23.0,19057.0,,,5634.0,519257.4330742016,390533.5524042015,0.35,5634.0,,,,,,,,,,,,0,
11,21,necessity,524544.9046315275,0.0,54.030045079396714,32610.01273056081,1.0,24.0,19239.0,,,5634.0,750030.2928028987,225485.38817137122,0.35,5634.0,,,,,,,,,,,,0,
12,21,necessity,-163842.1876869654,0.0,112.19987098590468,12683.55308238838,1.0,23.0,8189.0,,,5634.0,304405.2739773211,468247.4616642865,0.35,5634.0,,,,,,,,,,,,0,
13,21,necessity,406648.68496321584,0.0,54.030045079396714,27484.09013628639,1.0,24.0,31322.0,,,5634.0,632134.073134587,225485.38817137122,0.35,5634.0,,,,,,,,,,,,0,
14,21,necessity,-165329.36220536276,0.0,112.55622270750213,12683.55308238838,1.0,23.0,16938.0,,,5634.0,304405.2739773211,469734.63618268387,0.35,5634.0,,,,,,,,,,,,0,
15,21,necessity,408656.3705626958,0.0,54.030045079396714,27571.38081452465,1.0,24.0,37489.0,,,5634.0,634141.758734067,225485.38817137122,0.35,5634.0,,,,,,,,,,,,0,
16,21,necessity,-157903.37773032492,0.0,110.77683345661082,12683.55308238838,1.0,23.0,3126.0,,,5634.0,304405.2739773211,462308.65170764603,0.35,5634.0,,,,,,,,,,,,0,
17,21,necessity,120802.99321399417,2508.0,54.030045079396714,15056.016581972408,1.0,24.0,28307.0,,,5634.0,346288.3813853654,225485.38817137122,0.35,5634.0,,,,,,,,,,,,0,
18,21,necessity,-55442.12004695053,0.0,118.69522691584893,18329.692793185335,1.0,25.0,3403.0,,,5634.0,439912.62703644804,495354.7470833986,0.35,5634.0,,,,,,,,,,,,0,
19,21,necessity,-245954.4258474816,2231.0,155.7206748227077,16156.794287785357,1.0,24.0,10835.0,,,5634.0,403919.8571946339,649874.2830421155,0.35,5634.0,,,,,,,,,,,,0,
20,21,necessity,844738.1833505079,0.0,91.05549298625553,51030.962811691505,1.0,25.0,23370.0,,,5634.0,1224743.107480596,380004.92413008824,0.35,5634.0,,,,,,,,,,,,0,
21,21,necessity,-111208.40409660386,0.0,149.57229667820442,20520.265899382546,1.0,24.0,9996.0,,,5634.0,513006.64748456364,624215.0515811675,0.35,5634.0,,,,,,,,,,,,0,
22,21,necessity,462685.39535491547,0.0,91.05549298625553,35112.09664520849,1.0,25.0,19987.0,,,5634.0,842690.3194850037,380004.92413008824,0.35,5634.0,,,,,,,,,,,,0,
23,21,necessity,-121374.45671352476,0.0,152.00825177767325,20520.265899382546,1.0,24.0,16045.0,,,5634.0,513006.64748456364,634381.1041980884,0.35,5634.0,,,,,,,,,,,,0,
24,21,necessity,476409.5663853229,0.0,91.05549298625553,35683.9371048088,1.0,25.0,23352.0,,,5634.0,856414.4905154111,380004.92413008824,0.35,5634.0,,,,,,,,,,,,0,
25,21,necessity,-100478.807500961,0.0,147.00130707906584,20520.265899382546,1.0,24.0,6085.0,,,5634.0,513006.64748456364,613485.4549855246,0.35,5634.0,,,,,,,,,,,,0,
26,21,necessity,448200.4399533687,0.0,91.05549298625553,34508.556836810705,1.0,25.0,25737.0,,,5634.0,828205.3640834569,380004.92413008824,0.35,5634.0,,,,,,,,,,,,0,
27,21,necessity,-105224.7049975174,0.0,148.13850296462033,20520.265899382546,1.0,24.0,5645.0,,,5634.0,513006.64748456364,618231.352482081,0.35,5634.0,,,,,,,,,,,,0,
28,21,necessity,454607.4015725827,0.0,91.05549298625553,34775.513570944626,1.0,25.0,32443.0,,,5634.0,834612.325702671,380004.92413008824,0.35,5634.0,,,,,,,,,,,,0,
29,21,necessity,-114903.59537259943,0.0,150.45772589753503,20520.265899382546,1.0,24.0,5557.0,,,5634.0,513006.64748456364,627910.2428571631,0.35,5634.0,,,,,,,,,,,,0,
30,21,necessity,456088.6586825139,77.0,91.05549298625553,34837.23261719176,1.0,25.0,21629.0,,,5634.0,836093.5828126022,380004.92413008824,0.35,5634.0,,,,,,,,,,,,0,
31,21,necessity,-107926.39854800381,0.0,150.46589110568362,20800.716817780212,1.0,24.0,7476.0,,,5634.0,520017.92044450535,627944.3189925092,0.35,5634.0,,,,,,,,,,,,0,
32,21,necessity,467719.90635933325,0.0,91.05549298625553,35321.86793705923,1.0,25.0,16583.0,,,5634.0,847724.8304894215,380004.92413008824,0.35,5634.0,,,,,,,,,,,,0,
33,21,necessity,-137003.701635396,0.0,155.7532785154761,20520.265899382546,1.0,24.0,8891.0,,,5634.0,513006.64748456364,650010.3491199596,0.35,5634.0,,,,,,,,,,,,0,
34,21,necessity,497509.0470261041,0.0,91.05549298625553,36563.08213150802,1.0,25.0,20418.0,,,5634.0,877513.9711561924,380004.92413008824,0.35,5634.0,,,,,,,,,,,,0,
35,21,necessity,-144356.07383362704,0.0,157.51502904189604,20520.265899382546,1.0,24.0,5129.0,,,5634.0,513006.64748456364,657362.7213181907,0.35,5634.0,,,,,,,,,,,,0,
36,21,necessity,427889.65982579655,505.0,91.05549298625553,33662.2743314952,1.0,25.0,24594.0,,,5634.0,807894.5839558848,380004.92413008824,0.35,5634.0,,,,,,,,,,,,0,
37,21,necessity,-50358.69876391976,0.0,146.00999283507673,22359.586857704908,1.0,24.0,9278.0,,,5634.0,558989.6714426227,609348.3702065424,0.35,5634.0,,,,,,,,,,,,0,
38,21,necessity,442615.37550273404,0.0,91.05549298625553,34275.845818034264,1.0,25.0,27031.0,,,5634.0,822620.2996328223,380004.92413008824,0.35,5634.0,,,,,,,,,,,,0,
39,21,necessity,-127751.86164906737,0.0,153.53638395045536,20520.265899382546,1.0,24.0,9212.0,,,5634.0,513006.64748456364,640758.509133631,0.35,5634.0,,,,,,,,,,,,0,
40,21,necessity,485019.0630467772,0.0,91.05549298625553,36042.66613236939,1.0,25.0,29980.0,,,5634.0,865023.9871768655,380004.92413008824,0.35,5634.0,,,,,,,,,,,,0,
41,21,necessity,-119767.37455559056,0.0,151.62316819357207,20520.265899382546,1.0,24.0,12368.0,,,5634.0,513006.64748456364,632774.0220401542,0.35,5634.0,,,,,,,,,,,,0,
6,22,necessity,-1747895.477969136,6231.0,387.70741457014213,6728.06771965601,1.0,31.0,594.0,,,6789.0,201842.0315896803,1949737.5095588164,0.35,6789.0,,,,,,,,,,,,0,
9,22,necessity,74248.91506597155,0.0,136.62209633595035,23069.886588113368,1.0,32.0,10013.0,,,6789.0,761306.2574077412,687057.3423417696,0.35,6789.0,,,,,,,,,,,,0,
10,22,necessity,528859.0659653081,0.0,79.27563221402177,28985.231625773966,1.0,33.0,17682.0,,,6789.0,927527.4120247669,398668.3460594588,0.35,6789.0,,,,,,,,,,,,0,
11,22,necessity,-154493.50784657325,0.0,137.743304763805,16309.159609121023,1.0,32.0,8272.0,,,6789.0,538202.2671009938,692695.774947567,0.35,6789.0,,,,,,,,,,,,0,
12,22,necessity,536470.9499820134,0.0,79.27563221402177,29223.103001296007,1.0,33.0,29104.0,,,6789.0,935139.2960414722,398668.3460594588,0.35,6789.0,,,,,,,,,,,,0,
13,22,necessity,-118035.59074308444,0.0,130.49360847827543,16309.159609121023,1.0,32.0,3980.0,,,6789.0,538202.2671009938,656237.8578440782,0.35,6789.0,,,,,,,,,,,,0,
14,22,necessity,120696.21568407741,2809.0,79.27563221402177,16230.142554485506,1.0,31.0,12121.0,,,6789.0,519364.5617435362,398668.3460594588,0.35,6789.0,,,,,,,,,,,,0,
15,22,necessity,541630.8900864574,0.0,43.59941782684158,24544.758644844547,1.0,32.0,17048.0,,,6789.0,760887.517990181,219256.62790372365,0.35,6789.0,,,,,,,,,,,,0,
16,22,necessity,-171249.23111475405,0.0,92.9123090599032,9249.88898832586,1.0,31.0,17501.0,,,6789.0,295996.4476264275,467245.67874118156,0.35,6789.0,,,,,,,,,,,,0,
17,22,necessity,411525.0383039592,0.0,43.59941782684158,20347.7956841188,1.0,32.0,51345.0,,,6789.0,630781.6662076828,219256.62790372365,0.35,6789.0,,,,,,,,,,,,0,
18,22,necessity,-220465.1539097863,0.0,102.69894858906905,9249.88898832586,1.0,31.0,16262.0,,,6789.0,295996.4476264275,516461.6015362138,0.35,6789.0,,,,,,,,,,,,0,
19,22,necessity,477966.53406746616,0.0,43.59941782684158,22491.069741006122,1.0,32.0,38760.0,,,6789.0,697223.1619711898,219256.62790372365,0.35,6789.0,,,,,,,,,,,,0,
20,22,necessity,-163543.90029857424,0.0,91.38009568528093,9249.88898832586,1.0,31.0,18989.0,,,6789.0,295996.4476264275,459540.34792500176,0.35,6789.0,,,,,,,,,,,,0,
21,22,necessity,401122.8417036487,0.0,43.59941782684158,20012.240955076526,1.0,32.0,44898.0,,,6789.0,620379.4696073723,219256.62790372365,0.35,6789.0,,,,,,,,,,,,0,
22,22,necessity,-193885.98529580428,0.0,97.41365213545431,9249.88898832586,1.0,31.0,14702.0,,,6789.0,295996.4476264275,489882.4329222318,0.35,6789.0,,,,,,,,,,,,0,
23,22,necessity,442084.65644387575,0.0,43.59941782684158,21333.589817664495,1.0,32.0,42610.0,,,6789.0,661341.2843475994,219256.62790372365,0.35,6789.0,,,,,,,,,,,,0,
24,22,necessity,-161161.0826930696,0.0,90.90626982477755,9249.88898832586,1.0,31.0,15877.0,,,6789.0,295996.4476264275,457157.5303194971,0.35,6789.0,,,,,,,,,,,,0,
25,22,necessity,397906.0379366912,0.0,43.59941782684158,19908.473091626285,1.0,32.0,48123.0,,,6789.0,617162.6658404148,219256.62790372365,0.35,6789.0,,,,,,,,,,,,0,
26,22,necessity,-210142.67345906125,0.0,100.64631217627979,9249.88898832586,1.0,31.0,21428.0,,,6789.0,295996.4476264275,506139.12108548876,0.35,6789.0,,,,,,,,,,,,0,
27,22,necessity,464031.1854610399,0.0,43.59941782684158,22041.542366605274,1.0,32.0,53489.0,,,6789.0,683287.8133647635,219256.62790372365,0.35,6789.0,,,,,,,,,,,,0,
28,22,necessity,-178787.8239692541,0.0,94.4113664103342,9249.88898832586,1.0,31.0,15947.0,,,6789.0,295996.4476264275,474784.2715956816,0.35,6789.0,,,,,,,,,,,,0,
29,22,necessity,421702.1386560352,0.0,43.59941782684158,20676.08924386319,1.0,32.0,33221.0,,,6789.0,640958.7665597588,219256.62790372365,0.35,6789.0,,,,,,,,,,,,0,
30,22,necessity,-201027.84556864842,0.0,98.83381878251859,9249.88898832586,1.0,31.0,17486.0,,,6789.0,295996.4476264275,497024.29319507594,0.35,6789.0,,,,,,,,,,,,0,
31,22,necessity,451726.16781079513,0.0,43.59941782684158,21644.606313371572,1.0,32.0,55314.0,,,6789.0,670982.7957145188,219256.62790372365,0.35,6789.0,,,,,,,,,,,,0,
32,22,necessity,-222045.77417018067,0.0,103.01325663903488,9249.88898832586,1.0,31.0,16914.0,,,6789.0,295996.4476264275,518042.2217966082,0.35,6789.0,,,,,,,,,,,,0,
33,22,necessity,480100.37141868414,0.0,43.59941782684158,22559.903203948637,1.0,32.0,42428.0,,,6789.0,699356.9993224078,219256.62790372365,0.35,6789.0,,,,,,,,,,,,0,
34,22,necessity,-212283.21620724583,0.0,101.07196141911726,9249.88898832586,1.0,31.0,17286.0,,,6789.0,295996.4476264275,508279.66383367334,0.35,6789.0,,,,,,,,,,,,0,
35,22,necessity,466920.9181706634,0.0,43.59941782684158,22134.75955078668,1.0,32.0,37685.0,,,6789.0,686177.546074387,219256.62790372365,0.35,6789.0,,,,,,,,,,,,0,
36,22,necessity,-167282.51414639968,0.0,92.12352309636077,9249.88898832586,1.0,31.0,19458.0,,,6789.0,295996.4476264275,463278.9617728272,0.35,6789.0,,,,,,,,,,,,0,
37,22,necessity,406169.9703974697,0.0,43.59941782684158,20175.051558103012,1.0,32.0,42889.0,,,6789.0,625426.5983011933,219256.62790372365,0.35,6789.0,,,,,,,,,,,,0,
38,22,necessity,-161542.2440593951,0.0,90.98206417511834,9249.88898832586,1.0,31.0,23925.0,,,6789.0,295996.4476264275,457538.6916858226,0.35,6789.0,,,,,,,,,,,,0,
39,22,necessity,398420.6057811548,0.0,43.59941782684158,19925.072054350916,1.0,32.0,46056.0,,,6789.0,617677.2336848784,219256.62790372365,0.35,6789.0,,,,,,,,,,,,0,
40,22,necessity,-171046.23827854742,0.0,92.87194371466258,9249.88898832586,1.0,31.0,28354.0,,,6789.0,295996.4476264275,467042.68590497493,0.35,6789.0,,,,,,,,,,,,0,
41,22,necessity,411250.99797512067,0.0,43.59941782684158,20338.955673511107,1.0,32.0,68910.0,,,6789.0,630507.6258788443,219256.62790372365,0.35,6789.0,,,,,,,,,,,,0,
6,34,necessity,-1071386.3460344723,3313.0,378.3036597531909,17902.42671751923,1.0,30.0,685.0,,,5676.0,519170.3748080577,1590556.72084253,0.35,5676.0,,,,,,,,,,,,0,
7,34,necessity,98561.27763852416,8304.0,38.1921396241303,8637.933564364526,1.0,29.0,52762.0,,,5676.0,259138.00693093578,160576.72929241162,0.35,5676.0,,,,,,,,,,,,0,
8,34,necessity,-1056630.6088971884,0.0,378.3036597531909,18411.245239494536,1.0,30.0,1751.0,,,5676.0,533926.1119453416,1590556.72084253,0.35,5676.0,,,,,,,,,,,,0,
9,34,necessity,470087.36541968444,3925.0,45.74262909536007,22080.32360759458,1.0,31.0,42903.0,,,5676.0,662409.7082278373,192322.3428081529,0.35,5676.0,,,,,,,,,,,,0,
10,34,necessity,42409.59461438982,0.0,94.36808893610834,14166.934901437162,1.0,30.0,15413.0,,,5676.0,439174.98194455204,396765.3873301622,0.35,5676.0,,,,,,,,,,,,0,
11,34,necessity,343310.929993198,0.0,45.74262909536007,17854.442426711696,1.0,31.0,35425.0,,,5676.0,535633.2728013509,192322.3428081529,0.35,5676.0,,,,,,,,,,,,0,
12,34,necessity,-158030.63625730533,0.0,99.33911708141811,8375.32783049238,1.0,30.0,18021.0,,,5676.0,259635.16274526378,417665.7990025691,0.35,5676.0,,,,,,,,,,,,0,
13,34,necessity,371526.48574597633,0.0,45.74262909536007,18794.960951804307,1.0,31.0,35587.0,,,5676.0,563848.8285541292,192322.3428081529,0.35,5676.0,,,,,,,,,,,,0,
14,34,necessity,-133503.86375645007,0.0,93.50558239672446,8375.32783049238,1.0,30.0,16608.0,,,5676.0,259635.16274526378,393139.02650171384,0.35,5676.0,,,,,,,,,,,,0,
15,34,necessity,338415.34287565516,0.0,45.74262909536007,17691.25618946027,1.0,31.0,49338.0,,,5676.0,530737.685683808,192322.3428081529,0.35,5676.0,,,,,,,,,,,,0,
16,34,necessity,-163062.90276296495,0.0,100.5360092205026,8375.32783049238,1.0,30.0,13475.0,,,5676.0,259635.16274526378,422698.0655082287,0.35,5676.0,,,,,,,,,,,,0,
17,34,necessity,378320.0455274199,0.0,45.74262909536007,19021.412944519092,1.0,31.0,41769.0,,,5676.0,570642.3883355728,192322.3428081529,0.35,5676.0,,,,,,,,,,,,0,
18,34,necessity,-144925.95354481728,0.0,96.2222528004558,8375.32783049238,1.0,30.0,21371.0,,,5676.0,259635.16274526378,404561.11629008106,0.35,5676.0,,,,,,,,,,,,0,
19,34,necessity,353835.1640872343,0.0,45.74262909536007,18205.25022984624,1.0,31.0,12517.0,,,5676.0,546157.5068953872,192322.3428081529,0.35,5676.0,,,,,,,,,,,,0,
20,34,necessity,-132120.4721878132,0.0,93.17655163257177,8375.32783049238,1.0,30.0,14088.0,,,5676.0,259635.16274526378,391755.634933077,0.35,5676.0,,,,,,,,,,,,0,
21,34,necessity,336547.7642583245,0.0,45.74262909536007,17629.00356888258,1.0,31.0,46154.0,,,5676.0,528870.1070664774,192322.3428081529,0.35,5676.0,,,,,,,,,,,,0,
22,34,necessity,-150547.48712902662,0.0,97.55929831443494,8375.32783049238,1.0,30.0,17831.0,,,5676.0,259635.16274526378,410182.6498742904,0.35,5676.0,,,,,,,,,,,,0,
23,34,necessity,361424.2344245798,0.0,45.74262909536007,18458.21924109109,1.0,31.0,29220.0,,,5676.0,553746.5772327327,192322.3428081529,0.35,5676.0,,,,,,,,,,,,0,
24,34,necessity,-142005.35654300748,0.0,95.52760763629996,8375.32783049238,1.0,30.0,25368.0,,,5676.0,259635.16274526378,401640.51928827126,0.35,5676.0,,,,,,,,,,,,0,
25,34,necessity,349892.3581354857,0.0,45.74262909536007,18073.823364787953,1.0,31.0,52480.0,,,5676.0,542214.7009436386,192322.3428081529,0.35,5676.0,,,,,,,,,,,,0,
26,34,necessity,-152066.4169047583,0.0,97.9205659671616,8375.32783049238,1.0,30.0,21915.0,,,5676.0,259635.16274526378,411701.5796500221,0.35,5676.0,,,,,,,,,,,,0,
27,34,necessity,363474.7896214563,0.0,45.74262909536007,18526.571080986974,1.0,31.0,51182.0,,,5676.0,555797.1324296092,192322.3428081529,0.35,5676.0,,,,,,,,,,,,0,
28,34,necessity,-162590.70247831452,0.0,100.42369942766156,8375.32783049238,1.0,30.0,27568.0,,,5676.0,259635.16274526378,422225.8652235783,0.35,5676.0,,,,,,,,,,,,0,
29,34,necessity,377682.57514325413,0.0,45.74262909536007,19000.163931713567,1.0,31.0,34134.0,,,5676.0,570004.917951407,192322.3428081529,0.35,5676.0,,,,,,,,,,,,0,
30,34,necessity,-159303.58471324027,0.0,99.64187966337889,8375.32783049238,1.0,30.0,20128.0,,,5676.0,259635.16274526378,418938.74745850405,0.35,5676.0,,,,,,,,,,,,0,
31,34,necessity,373244.96616118564,0.0,45.74262909536007,18852.243632311285,1.0,31.0,30047.0,,,5676.0,565567.3089693385,192322.3428081529,0.35,5676.0,,,,,,,,,,,,0,
32,34,necessity,-165241.29546959093,0.0,101.05412587896402,8375.32783049238,1.0,30.0,19762.0,,,5676.0,259635.16274526378,424876.4582148547,0.35,5676.0,,,,,,,,,,,,0,
33,34,necessity,381260.87568084686,0.0,45.74262909536007,19119.44061629999,1.0,31.0,46117.0,,,5676.0,573583.2184889998,192322.3428081529,0.35,5676.0,,,,,,,,,,,,0,
34,34,necessity,-135377.16798563622,0.0,93.95113572811204,8375.32783049238,1.0,30.0,19099.0,,,5676.0,259635.16274526378,395012.3307309,0.35,5676.0,,,,,,,,,,,,0,
35,34,necessity,340944.30358461104,0.0,45.74262909536007,17775.554879758798,1.0,31.0,41510.0,,,5676.0,533266.6463927639,192322.3428081529,0.35,5676.0,,,,,,,,,,,,0,
36,34,necessity,-138713.96511408506,0.0,94.74477140862864,8375.32783049238,1.0,30.0,17255.0,,,5676.0,259635.16274526378,398349.12785934884,0.35,5676.0,,,,,,,,,,,,0,
37,34,necessity,345448.97970722325,0.0,45.74262909536007,17925.71075051254,1.0,31.0,37416.0,,,5676.0,537771.3225153761,192322.3428081529,0.35,5676.0,,,,,,,,,,,,0,
38,34,necessity,-147057.31082508527,0.0,96.72918238605392,8375.32783049238,1.0,30.0,29330.0,,,5676.0,259635.16274526378,406692.47357034904,0.35,5676.0,,,,,,,,,,,,0,
39,34,necessity,356712.4964150891,0.0,45.74262909536007,18301.1613074414,1.0,31.0,38716.0,,,5676.0,549034.839223242,192322.3428081529,0.35,5676.0,,,,,,,,,,,,0,
40,34,necessity,-172565.45306756184,0.0,102.79612953567978,8375.32783049238,1.0,30.0,18088.0,,,5676.0,259635.16274526378,432200.6158128256,0.35,5676.0,,,,,,,,,,,,0,
