data/saved_data/run_2025_05_07_1148_monitoring_demand/firm_data.csv
Step,AgentID,FirmType,Profit,Inventory,ProductPrice,RevenuePerEmployee,ProductionLevel,NumEmployees,DemandReceived,InventoryDemandRatio,SellThroughRate,ProductionCapacity,Revenue,Costs,Markup,ProducedUnits,IncomeBracket,NumPeople,SpendRatio,PostTaxIncome,HouseholdExpense,HouseholdSavings,HealthLevel,Welfare,SkillLevel,SkillType,JobLevel,IsEmployed,Wage
8,5,necessity,111694.59026026848,8.0,115.59610747055815,5772.413555569392,1.0,106.0,4991.0,,,5774.0,606103.4233347862,494408.8330745177,0.35,5774.0,,,,,,,,,,,,0,
9,5,necessity,-123010.39546603838,791.0,163.6531462480081,5442.831814958073,1.0,105.0,3526.0,,,5774.0,576940.1723855557,699950.5678515941,0.35,5774.0,,,,,,,,,,,,0,
36,5,necessity,-59510.99573951424,0.0,127.90708351778389,4643.35559866841,1.0,104.0,12094.0,,,5774.0,487552.337860183,547063.3335996972,0.35,5774.0,,,,,,,,,,,,0,
37,5,necessity,508101.0145590843,0.0,53.877131209583084,7101.302886843117,1.0,105.0,35164.0,,,5774.0,738535.5002316842,230434.4856725999,0.35,5774.0,,,,,,,,,,,,0,
38,5,necessity,-200100.00014953566,0.0,119.51885177484127,2962.72910099174,1.0,104.0,12552.0,,,5774.0,311086.5556041327,511186.55575366836,0.35,5774.0,,,,,,,,,,,,0,
39,5,necessity,459667.3644753336,0.0,53.877131209583084,6635.5947129608985,1.0,105.0,26401.0,,,5774.0,690101.8501479335,230434.4856725999,0.35,5774.0,,,,,,,,,,,,0,
40,5,necessity,-187382.67303430283,0.0,116.5454552381958,2962.72910099174,1.0,104.0,17086.0,,,5774.0,311086.5556041327,498469.22863843554,0.35,5774.0,,,,,,,,,,,,0,
41,5,necessity,442498.9728727427,0.0,53.877131209583084,6470.514024474448,1.0,105.0,36044.0,,,5774.0,672933.4585453426,230434.4856725999,0.35,5774.0,,,,,,,,,,,,0,
8,13,necessity,111181.1354957996,10324.0,44.30271016577393,4696.200508473527,1.0,66.0,50769.0,,,6200.0,314645.4340677263,203464.29857192672,0.35,6200.0,,,,,,,,,,,,0,
9,13,necessity,-3794060.3902672147,0.0,985.5257746172903,11091.7876178674,1.0,67.0,379.0,,,6200.0,732057.9827792484,4526118.373046463,0.35,6200.0,,,,,,,,,,,,0,
10,13,necessity,142277.6784870515,5821.0,50.34990267339792,5574.839829551537,1.0,66.0,37599.0,,,6200.0,373514.268579953,231236.5900929015,0.35,6200.0,,,,,,,,,,,,0,
11,13,necessity,-3920862.193009547,0.0,985.5257746172903,9170.54818237752,1.0,67.0,1050.0,,,6200.0,605256.1800369164,4526118.373046463,0.35,6200.0,,,,,,,,,,,,0,
12,13,necessity,849680.179680926,5150.0,40.30879724362098,15444.806915644102,1.0,68.0,66245.0,,,6200.0,1034802.0633481548,185121.8836672288,0.35,6200.0,,,,,,,,,,,,0,
13,13,necessity,-30892.301196967193,0.0,106.34454068950703,6728.012481104384,1.0,67.0,3800.0,,,6200.0,457504.8487150981,488397.1499120653,0.35,6200.0,,,,,,,,,,,,0,
14,13,necessity,218987.37095289788,2400.0,40.30879724362098,6031.481412240697,1.0,66.0,48474.0,,,6200.0,404109.2546201267,185121.8836672288,0.35,6200.0,,,,,,,,,,,,0,
15,13,necessity,-4179462.716751323,0.0,985.5257746172903,5252.358428714249,1.0,65.0,524.0,,,6200.0,346655.65629514045,4526118.373046463,0.35,6200.0,,,,,,,,,,,,0,
16,13,necessity,-3941322.8671470033,5676.0,970.6365810713046,7944.853936914771,1.0,66.0,599.0,,,6200.0,516415.5058994601,4457738.373046463,0.35,6200.0,,,,,,,,,,,,0,
17,13,necessity,391684.94446255534,11277.0,41.31138648670151,8809.262303965324,1.0,67.0,24455.0,,,6200.0,581411.3120617114,189726.3675991561,0.35,6200.0,,,,,,,,,,,,0,
18,13,necessity,273322.8825764737,0.0,97.69562832612513,10776.105994448988,1.0,68.0,4727.0,,,6200.0,721999.1016280822,448676.2190516085,0.35,6200.0,,,,,,,,,,,,0,
19,13,necessity,-171072.9359315316,1473.0,137.80455334701844,6791.282869082257,1.0,67.0,9214.0,,,6200.0,461807.2350975935,632880.1710291251,0.35,6200.0,,,,,,,,,,,,0,
20,13,necessity,683444.0182549998,0.0,81.42031150759482,15781.706534801082,1.0,68.0,36217.0,,,6200.0,1057374.3378316725,373930.3195766727,0.35,6200.0,,,,,,,,,,,,0,
21,13,necessity,-173028.09510856553,0.0,147.59289283347405,7423.616637457174,1.0,67.0,6441.0,,,6200.0,504805.93134708784,677834.0264556534,0.35,6200.0,,,,,,,,,,,,0,
22,13,necessity,541145.6159908664,0.0,81.42031150759482,13657.849784590137,1.0,68.0,35530.0,,,6200.0,915075.9355675392,373930.3195766727,0.35,6200.0,,,,,,,,,,,,0,
23,13,necessity,-150645.87428858934,0.0,142.7193447524911,7423.616637457174,1.0,67.0,5862.0,,,6200.0,504805.93134708784,655451.8056356772,0.35,6200.0,,,,,,,,,,,,0,
24,13,necessity,462690.4793624302,338.0,81.42031150759482,12486.877596106013,1.0,68.0,31298.0,,,6200.0,836620.7989391029,373930.3195766727,0.35,6200.0,,,,,,,,,,,,0,
25,13,necessity,-113596.94104496331,0.0,140.64451060153874,7828.323479950808,1.0,67.0,3693.0,,,6200.0,532325.996636655,645922.9376816183,0.35,6200.0,,,,,,,,,,,,0,
26,13,necessity,145469.8580748099,2507.0,81.42031150759482,7752.241457484814,1.0,66.0,47225.0,,,6200.0,519400.1776514826,373930.3195766727,0.35,6200.0,,,,,,,,,,,,0,
27,13,necessity,511684.3272726486,0.0,42.94792560313297,10741.312913585274,1.0,67.0,39244.0,,,6200.0,708926.6522966281,197242.32502397953,0.35,6200.0,,,,,,,,,,,,0,
28,13,necessity,-197426.3673940514,0.0,100.96769889987495,3974.28565282723,1.0,66.0,13142.0,,,6200.0,266277.1387394244,463703.5061334758,0.35,6200.0,,,,,,,,,,,,0,
29,13,necessity,428757.4081552451,0.0,42.94792560313297,9484.844442109465,1.0,67.0,24197.0,,,6200.0,625999.7331792247,197242.32502397953,0.35,6200.0,,,,,,,,,,,,0,
30,13,necessity,-226738.31415793346,0.0,107.35013892001338,3974.28565282723,1.0,66.0,12674.0,,,6200.0,266277.1387394244,493015.45289735787,0.35,6200.0,,,,,,,,,,,,0,
31,13,necessity,468328.5362801034,0.0,42.94792560313297,10084.406989455802,1.0,67.0,34280.0,,,6200.0,665570.8613040829,197242.32502397953,0.35,6200.0,,,,,,,,,,,,0,
32,13,necessity,-208462.22390036483,0.0,103.37066765489433,3974.28565282723,1.0,66.0,12564.0,,,6200.0,266277.1387394244,474739.36263978924,0.35,6200.0,,,,,,,,,,,,0,
33,13,necessity,443655.8144363654,0.0,42.94792560313297,9710.577870611287,1.0,67.0,34952.0,,,6200.0,640898.1394603449,197242.32502397953,0.35,6200.0,,,,,,,,,,,,0,
34,13,necessity,-199620.5231827451,0.0,101.44545862798118,3974.28565282723,1.0,66.0,14807.0,,,6200.0,266277.1387394244,465897.6619221695,0.35,6200.0,,,,,,,,,,,,0,
35,13,necessity,431719.51846950385,0.0,42.94792560313297,9529.724901416415,1.0,67.0,36297.0,,,6200.0,628961.8434934834,197242.32502397953,0.35,6200.0,,,,,,,,,,,,0,
36,13,necessity,-222145.80948347592,0.0,106.35015806363957,3974.28565282723,1.0,66.0,8142.0,,,6200.0,266277.1387394244,488422.94822290033,0.35,6200.0,,,,,,,,,,,,0,
37,13,necessity,462128.65497058583,0.0,42.94792560313297,9990.46939385705,1.0,67.0,33721.0,,,6200.0,659370.9799945654,197242.32502397953,0.35,6200.0,,,,,,,,,,,,0,
38,13,necessity,-241289.06777708413,0.0,110.51844817528519,3974.28565282723,1.0,66.0,9402.0,,,6200.0,266277.1387394244,507566.20651650854,0.35,6200.0,,,,,,,,,,,,0,
39,13,necessity,487972.0536627886,0.0,42.94792560313297,10382.036040708608,1.0,67.0,60310.0,,,6200.0,685214.3786867681,197242.32502397953,0.35,6200.0,,,,,,,,,,,,0,
40,13,necessity,-210801.3662213342,0.0,103.87999703115229,3974.28565282723,1.0,66.0,14443.0,,,6200.0,266277.1387394244,477078.5049607586,0.35,6200.0,,,,,,,,,,,,0,
41,13,necessity,446813.6565691646,0.0,42.94792560313297,9758.423963532487,1.0,67.0,25542.0,,,6200.0,644055.9815931441,197242.32502397953,0.35,6200.0,,,,,,,,,,,,0,
8,23,necessity,31895.86430577177,0.0,104.97548029995164,12247.48275447914,1.0,41.0,16624.0,,,6205.0,514394.2756881239,482498.4113823521,0.35,6205.0,,,,,,,,,,,,0,
9,23,necessity,450994.7515801666,0.0,43.59555840867036,15887.142811248781,1.0,42.0,37724.0,,,6205.0,651372.8552612,200378.10368103342,0.35,6205.0,,,,,,,,,,,,0,
10,23,necessity,-157328.18222445284,0.0,93.08334243509387,6440.724760138085,1.0,41.0,15902.0,,,6205.0,270510.43992579955,427838.6221502524,0.35,6205.0,,,,,,,,,,,,0,
11,23,necessity,377204.03612872405,0.0,43.59555840867036,14087.369263652621,1.0,42.0,36498.0,,,6205.0,577582.1398097575,200378.10368103342,0.35,6205.0,,,,,,,,,,,,0,
12,23,necessity,-180825.45957973727,0.0,98.19556232623356,6440.724760138085,1.0,41.0,12914.0,,,6205.0,270510.43992579955,451335.8995055368,0.35,6205.0,,,,,,,,,,,,0,
13,23,necessity,408925.3605532458,0.0,43.59555840867036,14861.060103275104,1.0,42.0,20905.0,,,6205.0,609303.4642342792,200378.10368103342,0.35,6205.0,,,,,,,,,,,,0,
14,23,necessity,-209637.4341037327,0.0,104.46408216525455,6440.724760138085,1.0,41.0,23800.0,,,6205.0,270510.43992579955,480147.87402953225,0.35,6205.0,,,,,,,,,,,,0,
15,23,necessity,447821.52615437104,0.0,43.59555840867036,15809.747069156207,1.0,42.0,34749.0,,,6205.0,648199.6298354045,200378.10368103342,0.35,6205.0,,,,,,,,,,,,0,
16,23,necessity,-176391.41261932033,0.0,97.23086234305899,6440.724760138085,1.0,41.0,12706.0,,,6205.0,270510.43992579955,446901.8525451199,0.35,6205.0,,,,,,,,,,,,0,
17,23,necessity,402939.3971576476,0.0,43.59555840867036,14715.060996065391,1.0,42.0,43931.0,,,6205.0,603317.500838681,200378.10368103342,0.35,6205.0,,,,,,,,,,,,0,
18,23,necessity,-174498.36391976802,0.0,96.8189984036579,6440.724760138085,1.0,41.0,15915.0,,,6205.0,270510.43992579955,445008.80384556757,0.35,6205.0,,,,,,,,,,,,0,
19,23,necessity,400383.7814136638,0.0,43.59555840867036,14652.728904748714,1.0,42.0,45476.0,,,6205.0,600761.8850946972,200378.10368103342,0.35,6205.0,,,,,,,,,,,,0,
20,23,necessity,-195571.0386334149,0.0,101.40370603602511,6440.724760138085,1.0,41.0,14287.0,,,6205.0,270510.43992579955,466081.47855921445,0.35,6205.0,,,,,,,,,,,,0,
21,23,necessity,428831.89227250236,0.0,43.59555840867036,15346.58526715941,1.0,42.0,32874.0,,,6205.0,629209.9959535358,200378.10368103342,0.35,6205.0,,,,,,,,,,,,0,
22,23,necessity,-163066.22901576466,0.0,94.33174906958581,6440.724760138085,1.0,41.0,14765.0,,,6205.0,270510.43992579955,433576.6689415642,0.35,6205.0,,,,,,,,,,,,0,
23,23,necessity,384950.3992957465,0.0,43.59555840867036,14276.30495065317,1.0,42.0,32419.0,,,6205.0,585328.50297678,200378.10368103342,0.35,6205.0,,,,,,,,,,,,0,
24,23,necessity,-163100.83799996146,0.0,94.33927882440582,6440.724760138085,1.0,41.0,25219.0,,,6205.0,270510.43992579955,433611.277925761,0.35,6205.0,,,,,,,,,,,,0,
25,23,necessity,384997.12142440473,0.0,43.59555840867036,14277.444514766785,1.0,42.0,36119.0,,,6205.0,585375.2251054381,200378.10368103342,0.35,6205.0,,,,,,,,,,,,0,
26,23,necessity,-155210.75809691043,0.0,92.62266192393808,6440.724760138085,1.0,41.0,18340.0,,,6205.0,270510.43992579955,425721.19802271,0.35,6205.0,,,,,,,,,,,,0,
27,23,necessity,374345.51355700236,0.0,43.59555840867036,14017.649200927703,1.0,42.0,25612.0,,,6205.0,574723.6172380358,200378.10368103342,0.35,6205.0,,,,,,,,,,,,0,
28,23,necessity,-207926.68966180424,0.0,104.0918815212205,6440.724760138085,1.0,41.0,11386.0,,,6205.0,270510.43992579955,478437.1295876038,0.35,6205.0,,,,,,,,,,,,0,
29,23,necessity,445512.02115813975,0.0,43.59555840867036,15753.417679004224,1.0,42.0,61740.0,,,6205.0,645890.1248391732,200378.10368103342,0.35,6205.0,,,,,,,,,,,,0,
30,23,necessity,-184084.30981382763,0.0,98.90457889598584,6440.724760138085,1.0,41.0,18602.0,,,6205.0,270510.43992579955,454594.7497396272,0.35,6205.0,,,,,,,,,,,,0,
31,23,necessity,413324.8083685587,0.0,43.59555840867036,14968.363708526636,1.0,42.0,61763.0,,,6205.0,613702.9120495921,200378.10368103342,0.35,6205.0,,,,,,,,,,,,0,
32,23,necessity,-151961.90850846178,0.0,91.91582115944189,6440.724760138085,1.0,41.0,27511.0,,,6205.0,270510.43992579955,422472.34843426134,0.35,6205.0,,,,,,,,,,,,0,
33,23,necessity,369959.56661330356,0.0,43.59555840867036,13910.67488522773,1.0,42.0,61482.0,,,6205.0,570337.670294337,200378.10368103342,0.35,6205.0,,,,,,,,,,,,0,
34,23,necessity,-169941.3763043704,0.0,95.82755065510102,6440.724760138085,1.0,41.0,25517.0,,,6205.0,270510.43992579955,440451.81623016996,0.35,6205.0,,,,,,,,,,,,0,
35,23,necessity,394231.84813386836,0.0,43.59555840867036,14502.68175158297,1.0,42.0,40647.0,,,6205.0,594609.9518149018,200378.10368103342,0.35,6205.0,,,,,,,,,,,,0,
36,23,necessity,-182750.10706152854,0.0,98.61430110141477,6440.724760138085,1.0,41.0,21783.0,,,6205.0,270510.43992579955,453260.5469873281,0.35,6205.0,,,,,,,,,,,,0,
37,23,necessity,411523.63465324516,0.0,43.59555840867036,14924.432642299478,1.0,42.0,48407.0,,,6205.0,611901.7383342786,200378.10368103342,0.35,6205.0,,,,,,,,,,,,0,
38,23,necessity,-181013.2718597221,0.0,98.23642398262979,6440.724760138085,1.0,41.0,16834.0,,,6205.0,270510.43992579955,451523.71178552165,0.35,6205.0,,,,,,,,,,,,0,
39,23,necessity,409178.9071311844,0.0,43.59555840867036,14867.244166151655,1.0,42.0,68404.0,,,6205.0,609557.0108122178,200378.10368103342,0.35,6205.0,,,,,,,,,,,,0,
40,23,necessity,-179640.5121275804,0.0,97.93775748172847,6440.724760138085,1.0,41.0,31542.0,,,6205.0,270510.43992579955,450150.95205337997,0.35,6205.0,,,,,,,,,,,,0,
41,23,necessity,407325.6814930917,0.0,43.59555840867036,14822.04354083232,1.0,42.0,41284.0,,,6205.0,607703.7851741251,200378.10368103342,0.35,6205.0,,,,,,,,,,,,0,
