data/saved_data/run_2025_05_07_1148_monitoring_demand/firm_data.csv
Step,AgentID,FirmType,Profit,Inventory,ProductPrice,RevenuePerEmployee,ProductionLevel,NumEmployees,DemandReceived,InventoryDemandRatio,SellThroughRate,ProductionCapacity,Revenue,Costs,Markup,ProducedUnits,IncomeBracket,NumPeople,SpendRatio,PostTaxIncome,HouseholdExpense,HouseholdSavings,HealthLevel,Welfare,SkillLevel,SkillType,JobLevel,IsEmployed,Wage
11,4,necessity,-598361.5917136236,4032.0,1006.1855335604923,4388.885470197195,0.0,104.0,514.0,,,4975.0,460832.9743707055,1059194.566084329,0.35,0.0,,,,,,,,,,,,0,
12,4,necessity,-274840.50328968646,3518.0,1006.1855335604923,4972.878502404741,0.0,105.0,572.0,,,4975.0,517179.36425009306,792019.8675397795,0.35,0.0,,,,,,,,,,,,0,
13,4,necessity,-458791.53323589487,2946.0,1006.1855335604923,5481.315478062873,0.0,106.0,942.0,,,4975.0,575538.1251966016,1034329.6584324965,0.35,0.0,,,,,,,,,,,,0,
14,4,necessity,-497115.495716671,2004.0,1006.1855335604923,8941.7620057923,0.0,107.0,429.0,,,4975.0,947826.7726139838,1444942.2683306548,0.35,0.0,,,,,,,,,,,,0,
15,4,necessity,-1183355.1068955844,1575.0,1006.1855335604923,4034.1457373593566,0.0,106.0,228.0,,,4975.0,431653.5938974512,1615008.7007930356,0.35,0.0,,,,,,,,,,,,0,
16,4,necessity,-974985.789243085,1347.0,1006.1855335604923,2164.248128790493,0.0,105.0,286.0,,,4975.0,229410.30165179225,1204396.0908948772,0.35,0.0,,,,,,,,,,,,0,
17,4,necessity,-674317.2374038594,1061.0,1006.1855335604923,2740.6577390314364,0.0,106.0,1229.0,,,4975.0,287769.0625983008,962086.3000021602,0.35,0.0,,,,,,,,,,,,0,
23,4,necessity,-523963.2160691139,562.0,11323.60477535558,4205.9103451320725,0.0,106.0,82.0,,,4975.0,441620.5862388676,965583.8023079815,0.35,0.0,,,,,,,,,,,,0,
24,4,necessity,-315940.2067415387,480.0,11323.60477535558,8759.769731878845,0.0,107.0,67.0,,,4975.0,928535.5915791575,1244475.7983206962,0.35,0.0,,,,,,,,,,,,0,
25,4,necessity,-919655.4452936337,413.0,11323.60477535558,7090.481494848821,0.0,106.0,44.0,,,4975.0,758681.5199488238,1678336.9652424576,0.35,0.0,,,,,,,,,,,,0,
26,4,necessity,-746237.1882050508,369.0,11323.60477535558,4700.364246374014,0.0,105.0,45.0,,,4975.0,498238.6101156455,1244475.7983206962,0.35,0.0,,,,,,,,,,,,0,
27,4,necessity,-456021.5874169805,324.0,11323.60477535558,4852.973475152391,0.0,106.0,70.0,,,4975.0,509562.21489100106,965583.8023079815,0.35,0.0,,,,,,,,,,,,0,
28,4,necessity,-412457.46533796703,254.0,11323.60477535558,7477.852210140477,0.0,107.0,83.0,,,4975.0,792652.3342748906,1205109.7996128576,0.35,0.0,,,,,,,,,,,,0,
29,4,necessity,-698522.5635421411,171.0,11323.60477535558,8783.730807051525,0.0,108.0,125.0,,,4975.0,939859.196354513,1638381.7598966542,0.35,0.0,,,,,,,,,,,,0,
35,4,necessity,-1391685.1368319746,84.0,487979.98608746694,0.0,0.0,108.0,0.0,,,4975.0,0.0,1391685.1368319746,0.35,0.0,,,,,,,,,,,,0,
36,4,necessity,-1789042.3027162333,84.0,487979.98608746694,0.0,0.0,109.0,0.0,,,4975.0,0.0,1789042.3027162333,0.35,0.0,,,,,,,,,,,,0,
37,4,necessity,-2047121.5300297874,84.0,487979.98608746694,0.0,0.0,110.0,0.0,,,4975.0,0.0,2047121.5300297874,0.35,0.0,,,,,,,,,,,,0,
38,4,necessity,-2215867.6810388784,84.0,487979.98608746694,0.0,0.0,111.0,0.0,,,4975.0,0.0,2215867.6810388784,0.35,0.0,,,,,,,,,,,,0,
39,4,necessity,-2515849.364992648,84.0,487979.98608746694,0.0,0.0,112.0,0.0,,,4975.0,0.0,2515849.364992648,0.35,0.0,,,,,,,,,,,,0,
40,4,necessity,-2698653.79983188,84.0,487979.98608746694,0.0,0.0,113.0,0.0,,,4975.0,0.0,2698653.79983188,0.35,0.0,,,,,,,,,,,,0,
41,4,necessity,-2976687.7008386925,84.0,487979.98608746694,0.0,0.0,114.0,0.0,,,4975.0,0.0,2976687.7008386925,0.35,0.0,,,,,,,,,,,,0,
11,14,necessity,568520.1562239439,0.0,37.411543537728285,12611.32684879377,1.0,64.0,52928.0,,,8155.0,794513.5914740075,225993.43525006349,0.35,8155.0,,,,,,,,,,,,0,
12,14,necessity,-240222.01208917575,0.0,90.27256308066828,4767.049024221471,1.0,63.0,6715.0,,,8155.0,305091.13755017414,545313.1496393499,0.35,8155.0,,,,,,,,,,,,0,
13,14,necessity,380186.82583662396,1440.0,37.411543537728285,9621.908906137896,1.0,64.0,40761.0,,,8155.0,606180.2610866874,225993.43525006349,0.35,8155.0,,,,,,,,,,,,0,
14,14,necessity,-110356.3504375352,0.0,77.69247692741374,5608.808753820358,1.0,63.0,45461.0,,,8155.0,358963.7602445029,469320.1106820381,0.35,8155.0,,,,,,,,,,,,0,
15,14,necessity,407588.71409299556,0.0,37.411543537728285,10056.859513381889,1.0,64.0,59952.0,,,8155.0,633582.149343059,225993.43525006349,0.35,8155.0,,,,,,,,,,,,0,
16,14,necessity,-166746.8033668116,0.0,78.1092851207629,4767.049024221471,1.0,63.0,28934.0,,,8155.0,305091.13755017414,471837.94091698574,0.35,8155.0,,,,,,,,,,,,0,
17,14,necessity,410987.78490975796,0.0,37.411543537728285,10110.813018409865,1.0,64.0,67022.0,,,8155.0,636981.2201598214,225993.43525006349,0.35,8155.0,,,,,,,,,,,,0,
18,14,necessity,-159870.8951878365,0.0,76.97102932180789,4767.049024221471,1.0,63.0,38221.0,,,8155.0,305091.13755017414,464962.03273801063,0.35,8155.0,,,,,,,,,,,,0,
19,14,necessity,401705.30886927986,0.0,37.411543537728285,9963.472128878466,1.0,64.0,73971.0,,,8155.0,627698.7441193433,225993.43525006349,0.35,8155.0,,,,,,,,,,,,0,
20,14,necessity,-180648.01169597928,0.0,80.41052745578132,4767.049024221471,1.0,63.0,37655.0,,,8155.0,305091.13755017414,485739.1492461534,0.35,8155.0,,,,,,,,,,,,0,
21,14,necessity,429754.4161518332,0.0,37.411543537728285,10408.69605399836,1.0,64.0,61997.0,,,8155.0,655747.8514018967,225993.43525006349,0.35,8155.0,,,,,,,,,,,,0,
22,14,necessity,-207985.58754203876,0.0,84.93606116364823,4767.049024221471,1.0,63.0,10190.0,,,8155.0,305091.13755017414,513076.7250922129,0.35,8155.0,,,,,,,,,,,,0,
23,14,necessity,466660.1435394879,0.0,37.411543537728285,10994.5012506278,1.0,64.0,72076.0,,,8155.0,692653.5787895514,225993.43525006349,0.35,8155.0,,,,,,,,,,,,0,
24,14,necessity,-187743.82890906173,0.0,81.5851875706172,4767.049024221471,1.0,63.0,39814.0,,,8155.0,305091.13755017414,492834.9664592359,0.35,8155.0,,,,,,,,,,,,0,
25,14,necessity,439333.76938831975,0.0,37.411543537728285,10560.749279974338,1.0,64.0,87634.0,,,8155.0,665327.2046383832,225993.43525006349,0.35,8155.0,,,,,,,,,,,,0,
26,14,necessity,-174317.99007370323,0.0,79.3626391432093,4767.049024221471,1.0,63.0,42737.0,,,8155.0,305091.13755017414,479409.1276238774,0.35,8155.0,,,,,,,,,,,,0,
27,14,necessity,421208.88696280826,0.0,37.411543537728285,10273.052733537646,1.0,64.0,75799.0,,,8155.0,647202.3222128717,225993.43525006349,0.35,8155.0,,,,,,,,,,,,0,
28,14,necessity,-183527.97949942516,0.0,80.88728484807747,4767.049024221471,1.0,63.0,37922.0,,,8155.0,305091.13755017414,488619.1170495993,0.35,8155.0,,,,,,,,,,,,0,
29,14,necessity,433642.3726860083,0.0,37.411543537728285,10470.409649778918,1.0,64.0,86784.0,,,8155.0,659635.8079360718,225993.43525006349,0.35,8155.0,,,,,,,,,,,,0,
30,14,necessity,-179061.8895003338,0.0,80.14795664476246,4767.049024221471,1.0,63.0,45682.0,,,8155.0,305091.13755017414,484153.02705050795,0.35,8155.0,,,,,,,,,,,,0,
31,14,necessity,427613.1511879743,0.0,37.411543537728285,10374.707721238696,1.0,64.0,62809.0,,,8155.0,653606.5864380378,225993.43525006349,0.35,8155.0,,,,,,,,,,,,0,
32,14,necessity,-188340.3994754844,0.0,81.6839454203501,4767.049024221471,1.0,63.0,24255.0,,,8155.0,305091.13755017414,493431.53702565853,0.35,8155.0,,,,,,,,,,,,0,
33,14,necessity,440139.1396528916,0.0,37.411543537728285,10573.532934967541,1.0,64.0,98466.0,,,8155.0,666132.5749029551,225993.43525006349,0.35,8155.0,,,,,,,,,,,,0,
34,14,necessity,-178180.287676397,0.0,80.00201397619486,4767.049024221471,1.0,63.0,43500.0,,,8155.0,305091.13755017414,483271.42522657115,0.35,8155.0,,,,,,,,,,,,0,
35,14,necessity,426422.9887258056,0.0,37.411543537728285,10355.816253585224,1.0,64.0,101038.0,,,8155.0,652416.4239758691,225993.43525006349,0.35,8155.0,,,,,,,,,,,,0,
36,14,necessity,-227326.1389039657,0.0,88.13774655118958,4767.049024221471,1.0,63.0,19859.0,,,8155.0,305091.13755017414,532417.2764541399,0.35,8155.0,,,,,,,,,,,,0,
37,14,necessity,492769.8878748875,0.0,37.411543537728285,11408.941636903985,1.0,64.0,87690.0,,,8155.0,718763.323124951,225993.43525006349,0.35,8155.0,,,,,,,,,,,,0,
38,14,necessity,-224635.4033535818,0.0,87.69231516031616,4767.049024221471,1.0,63.0,34343.0,,,8155.0,305091.13755017414,529726.5409037559,0.35,8155.0,,,,,,,,,,,,0,
39,14,necessity,489137.3948823148,0.0,37.411543537728285,11351.283017974258,1.0,64.0,73942.0,,,8155.0,715130.8301323783,225993.43525006349,0.35,8155.0,,,,,,,,,,,,0,
40,14,necessity,-170899.6054608582,0.0,78.7967508260082,4767.049024221471,1.0,63.0,42532.0,,,8155.0,305091.13755017414,475990.74301103235,0.35,8155.0,,,,,,,,,,,,0,
41,14,necessity,416594.0677360334,0.0,37.411543537728285,10199.80163469995,1.0,64.0,109005.0,,,8155.0,642587.5029860969,225993.43525006349,0.35,8155.0,,,,,,,,,,,,0,
12,27,necessity,8285.978675337043,1177.0,5640.885051973209,9909.662929142123,0.0,36.0,105.0,,,3187.0,366657.5283782586,358371.54970292153,0.35,0.0,,,,,,,,,,,,0,
13,27,necessity,405870.8399734356,1072.0,5640.885051973209,16452.581401588526,0.0,37.0,165.0,,,3187.0,592292.9304571869,186422.09048375126,0.35,0.0,,,,,,,,,,,,0,
14,27,necessity,475900.9999296279,907.0,5640.885051973209,25155.298204745388,0.0,38.0,55.0,,,3187.0,930746.0335755794,454845.0336459515,0.35,0.0,,,,,,,,,,,,0,
15,27,necessity,-305207.2927141173,852.0,5640.885051973209,8164.438891013854,0.0,37.0,150.0,,,3187.0,310248.67785852647,615455.9705726438,0.35,0.0,,,,,,,,,,,,0,
16,27,necessity,499099.73038553767,702.0,5640.885051973209,22868.452913404897,0.0,38.0,80.0,,,3187.0,846132.7577959812,347033.0274104436,0.35,0.0,,,,,,,,,,,,0,
17,27,necessity,-118534.61323726486,622.0,5640.885051973209,11875.547477838334,0.0,37.0,80.0,,,3187.0,451270.8041578567,569805.4173951215,0.35,0.0,,,,,,,,,,,,0,
18,27,necessity,104237.7767474131,542.0,5640.885051973209,12196.508220482612,0.0,38.0,70.0,,,3187.0,451270.8041578567,347033.0274104436,0.35,0.0,,,,,,,,,,,,0,
19,27,necessity,-238393.39277738042,472.0,5640.885051973209,10391.104043108542,0.0,37.0,81.0,,,3187.0,394861.9536381246,633255.346415505,0.35,0.0,,,,,,,,,,,,0,
20,27,necessity,109878.66179938632,391.0,5640.885051973209,12348.964573238645,0.0,38.0,95.0,,,3187.0,456911.6892098299,347033.0274104436,0.35,0.0,,,,,,,,,,,,0,
21,27,necessity,-28680.941358818207,296.0,5640.885051973209,14102.212629933021,0.0,39.0,75.0,,,3187.0,535884.0799374548,564565.021296273,0.35,0.0,,,,,,,,,,,,0,
22,27,necessity,-401527.8973770565,221.0,5640.885051973209,10847.855869179246,0.0,38.0,80.0,,,3187.0,423066.3788979906,824594.2762750471,0.35,0.0,,,,,,,,,,,,0,
23,27,necessity,-155791.47823136108,141.0,5640.885051973209,11875.547477838334,0.0,39.0,85.0,,,3187.0,451270.8041578567,607062.2823892178,0.35,0.0,,,,,,,,,,,,0,
28,27,necessity,-157068.57287486782,94.0,46568.87282526003,26124.00182880441,0.0,42.0,9.0,,,3187.0,1071084.0749809807,1228152.6478558485,0.35,0.0,,,,,,,,,,,,0,
29,27,necessity,-1181931.9221529192,85.0,46568.87282526003,9979.044176841435,0.0,41.0,18.0,,,3187.0,419119.85542734026,1601051.7775802596,0.35,0.0,,,,,,,,,,,,0,
30,27,necessity,-389912.93700116803,67.0,46568.87282526003,20444.870996455622,0.0,42.0,8.0,,,3187.0,838239.7108546805,1228152.6478558485,0.35,0.0,,,,,,,,,,,,0,
31,27,necessity,-1271157.7906909701,59.0,46568.87282526003,8870.26149052572,0.0,41.0,18.0,,,3187.0,372550.9826020802,1643708.7732930502,0.35,0.0,,,,,,,,,,,,0,
32,27,necessity,-389912.93700116803,41.0,46568.87282526003,20444.870996455622,0.0,42.0,13.0,,,3187.0,838239.7108546805,1228152.6478558485,0.35,0.0,,,,,,,,,,,,0,
33,27,necessity,-984065.9471155719,28.0,46568.87282526003,14414.174922104294,0.0,41.0,8.0,,,3187.0,605395.3467283803,1589461.2938439522,0.35,0.0,,,,,,,,,,,,0,
34,27,necessity,-855601.6652537683,20.0,46568.87282526003,9086.609331758054,0.0,40.0,4.0,,,3187.0,372550.9826020802,1228152.6478558485,0.35,0.0,,,,,,,,,,,,0,
35,27,necessity,-819892.921757157,16.0,46568.87282526003,4656.887282526002,0.0,39.0,13.0,,,3187.0,186275.4913010401,1006168.4130581971,0.35,0.0,,,,,,,,,,,,0,
40,27,necessity,-749196.8820447347,12.0,353367.24787489907,0.0,0.0,38.0,0.0,,,3187.0,0.0,749196.8820447347,0.35,0.0,,,,,,,,,,,,0,
41,27,necessity,-523503.8692961109,12.0,353367.24787489907,0.0,0.0,39.0,0.0,,,3187.0,0.0,523503.8692961109,0.35,0.0,,,,,,,,,,,,0,
12,28,necessity,-1398625.7282846444,7658.0,746.939405070772,4496.282301112294,0.0,50.0,771.0,,,5807.0,229310.397356727,1627936.1256413714,0.35,0.0,,,,,,,,,,,,0,
13,28,necessity,-554060.2228621453,6887.0,746.939405070772,11517.805626191304,0.0,51.0,346.0,,,5807.0,575890.2813095652,1129950.5041717105,0.35,0.0,,,,,,,,,,,,0,
14,28,necessity,-1287175.3293801781,6541.0,746.939405070772,5067.47125793112,0.0,50.0,693.0,,,5807.0,258441.0341544871,1545616.3635346652,0.35,0.0,,,,,,,,,,,,0,
15,28,necessity,-612321.4964576655,5848.0,746.939405070772,10352.580154280899,0.0,51.0,653.0,,,5807.0,517629.00771404494,1129950.5041717105,0.35,0.0,,,,,,,,,,,,0,
16,28,necessity,-1051935.7107773898,5195.0,746.939405070772,9563.753559043413,0.0,50.0,732.0,,,5807.0,487751.43151121406,1539687.1422886038,0.35,0.0,,,,,,,,,,,,0,
17,28,necessity,-583190.8596599054,4463.0,746.939405070772,10935.192890236101,0.0,51.0,766.0,,,5807.0,546759.644511805,1129950.5041717105,0.35,0.0,,,,,,,,,,,,0,
18,28,necessity,-962090.5466657276,3697.0,746.939405070772,11218.73694674924,0.0,52.0,885.0,,,5807.0,572155.5842842113,1534246.130949939,0.35,0.0,,,,,,,,,,,,0,
19,28,necessity,-1141870.6016036177,2812.0,746.939405070772,12712.334105531407,0.0,53.0,1232.0,,,5807.0,661041.3734876332,1802911.9750912508,0.35,0.0,,,,,,,,,,,,0,
20,28,necessity,-1046304.5994467974,1580.0,746.939405070772,17362.817868814924,0.0,54.0,1425.0,,,5807.0,920229.347047191,1966533.9464939884,0.35,0.0,,,,,,,,,,,,0,
26,28,necessity,-1439937.2892233585,1123.0,65768.05242014665,6204.533247183646,0.0,52.0,4.0,,,5807.0,328840.26210073323,1768777.5513240916,0.35,0.0,,,,,,,,,,,,0,
27,28,necessity,-1237039.4975021933,1119.0,65768.05242014665,5059.080955395896,0.0,51.0,5.0,,,5807.0,263072.2096805866,1500111.70718278,0.35,0.0,,,,,,,,,,,,0,
28,28,necessity,-888018.4530831532,1114.0,65768.05242014665,6447.848276484965,0.0,52.0,10.0,,,5807.0,328840.26210073323,1216858.7151838865,0.35,0.0,,,,,,,,,,,,0,
29,28,necessity,-801566.3971355138,1104.0,65768.05242014665,12647.702388489739,0.0,53.0,6.0,,,5807.0,657680.5242014665,1459246.9213369803,0.35,0.0,,,,,,,,,,,,0,
30,28,necessity,-1339565.4378860435,1098.0,65768.05242014665,7445.439896620375,0.0,52.0,12.0,,,5807.0,394608.3145208799,1734173.7524069233,0.35,0.0,,,,,,,,,,,,0,
31,28,necessity,-702568.9172120697,1086.0,65768.05242014665,15177.242866187687,0.0,53.0,9.0,,,5807.0,789216.6290417598,1491785.5462538295,0.35,0.0,,,,,,,,,,,,0,
32,28,necessity,-1138831.1444991748,1077.0,65768.05242014665,11168.159844930562,0.0,52.0,7.0,,,5807.0,591912.4717813198,1730743.6162804947,0.35,0.0,,,,,,,,,,,,0,
33,28,necessity,-1031409.179312803,1070.0,65768.05242014665,8853.391671942818,0.0,51.0,7.0,,,5807.0,460376.3669410265,1491785.5462538295,0.35,0.0,,,,,,,,,,,,0,
34,28,necessity,-756482.3482428599,1063.0,65768.05242014665,9026.987587078951,0.0,52.0,17.0,,,5807.0,460376.3669410265,1216858.7151838865,0.35,0.0,,,,,,,,,,,,0,
35,28,necessity,-354842.6915391148,1046.0,65768.05242014665,21501.09406043256,0.0,53.0,9.0,,,5807.0,1118056.891142493,1472899.582681608,0.35,0.0,,,,,,,,,,,,0,
36,28,necessity,-1135398.7429914344,1037.0,65768.05242014665,11168.159844930562,0.0,52.0,7.0,,,5807.0,591912.4717813198,1727311.2147727543,0.35,0.0,,,,,,,,,,,,0,
37,28,necessity,-1012523.2157405814,1030.0,65768.05242014665,8853.391671942818,0.0,51.0,9.0,,,5807.0,460376.3669410265,1472899.582681608,0.35,0.0,,,,,,,,,,,,0,
38,28,necessity,-624946.2434025666,1021.0,65768.05242014665,11606.126897672937,0.0,52.0,14.0,,,5807.0,591912.4717813198,1216858.7151838865,0.35,0.0,,,,,,,,,,,,0,
39,28,necessity,-556174.5457187053,1007.0,65768.05242014665,17706.783343885636,0.0,53.0,16.0,,,5807.0,920752.733882053,1476927.2796007583,0.35,0.0,,,,,,,,,,,,0,
40,28,necessity,-673795.0700516454,991.0,65768.05242014665,19854.506390987666,0.0,54.0,16.0,,,5807.0,1052288.8387223464,1726083.9087739917,0.35,0.0,,,,,,,,,,,,0,
41,28,necessity,-1085017.332917646,975.0,65768.05242014665,19486.830346710118,0.0,53.0,15.0,,,5807.0,1052288.8387223464,2137306.1716399924,0.35,0.0,,,,,,,,,,,,0,
