data/saved_data/run_2025_05_07_1148_monitoring_demand/firm_data.csv
Step,AgentID,FirmType,Profit,Inventory,ProductPrice,RevenuePerEmployee,ProductionLevel,NumEmployees,DemandReceived,InventoryDemandRatio,SellThroughRate,ProductionCapacity,Revenue,Costs,Markup,ProducedUnits,IncomeBracket,NumPeople,SpendRatio,PostTaxIncome,HouseholdExpense,HouseholdSavings,HealthLevel,Welfare,SkillLevel,SkillType,JobLevel,IsEmployed,Wage
24,59,luxury,-453559.9774978007,0.0,14249.01532641484,88756.88083333407,1.0,24.0,283.0,,,211.0,2218922.0208333516,2672481.9983311524,0.125,211.0,,,,,,,,,,,,0,
25,59,luxury,1879215.9992715486,0.0,6411.334005265617,125272.5930780638,1.0,25.0,1132.0,,,211.0,3006542.233873531,1127326.2346019826,0.2,211.0,,,,,,,,,,,,0,
26,59,luxury,-1324771.771091582,0.0,15989.240162208862,54111.659004441804,1.0,24.0,166.0,,,211.0,1352791.4751110452,2677563.246202627,0.26,211.0,,,,,,,,,,,,0,
27,59,luxury,1526887.6323246884,45.0,6972.3257307263575,110592.24445527796,1.0,25.0,464.0,,,211.0,2654213.866926671,1127326.2346019826,0.305,211.0,,,,,,,,,,,,0,
28,59,luxury,-878918.7713892465,0.0,17043.488610763146,71396.6154826379,1.0,24.0,283.0,,,211.0,1784915.3870659475,2663834.158455194,0.35,211.0,,,,,,,,,,,,0,
29,59,luxury,2468849.862269041,0.0,7560.031347875706,149840.67070295932,1.0,25.0,669.0,,,211.0,3596176.096871024,1127326.2346019826,0.415,211.0,,,,,,,,,,,,0,
30,59,luxury,-1058180.3048271728,0.0,18108.14950512575,63806.66457607096,1.0,24.0,284.0,,,211.0,1595166.614401774,2653346.919228947,0.44,211.0,,,,,,,,,,,,0,
31,59,luxury,2693493.3109795507,0.0,7987.453614893415,159200.81439923056,1.0,25.0,1376.0,,,211.0,3820819.5455815336,1127326.2346019826,0.495,211.0,,,,,,,,,,,,0,
32,59,luxury,-827614.3314513678,0.0,18341.08639676534,67414.10850970043,1.0,24.0,410.0,,,211.0,1685352.7127425105,2512967.0441938783,0.54,211.0,,,,,,,,,,,,0,
33,59,luxury,2742642.9951155037,0.0,8628.587015419977,161248.71790489528,1.0,25.0,808.0,,,211.0,3869969.2297174865,1127326.2346019826,0.615,211.0,,,,,,,,,,,,0,
34,59,luxury,-705999.6057336691,0.0,19877.764045787335,72825.2744101446,1.0,24.0,256.0,,,211.0,1820631.860253615,2526631.465987284,0.66,211.0,,,,,,,,,,,,0,
35,59,luxury,3066881.979059145,0.0,9269.720415946538,174758.67556921366,1.0,25.0,1194.0,,,211.0,4194208.2136611277,1127326.2346019826,0.7350000000000001,211.0,,,,,,,,,,,,0,
36,59,luxury,-635643.2217107418,0.0,21616.755555734868,78236.44031058879,1.0,24.0,197.0,,,211.0,1955911.0077647197,2591554.2294754614,0.7600000000000001,211.0,,,,,,,,,,,,0,
37,59,luxury,3131174.6098777857,14.0,9697.142682964246,177437.535186657,1.0,25.0,706.0,,,211.0,4258500.844479769,1127326.2346019826,0.8150000000000002,211.0,,,,,,,,,,,,0,
38,59,luxury,-345334.2229208173,0.0,22277.610640642877,87274.28414667821,1.0,24.0,533.0,,,211.0,2181857.103666955,2527191.3265877725,0.8600000000000002,211.0,,,,,,,,,,,,0,
39,59,luxury,3573249.6105736643,0.0,10231.420516736382,195857.32688231862,1.0,25.0,468.0,,,211.0,4700575.845175647,1127326.2346019826,0.9150000000000003,211.0,,,,,,,,,,,,0,
40,59,luxury,-375780.5873862151,0.0,23303.999955194926,86353.18916125507,1.0,24.0,261.0,,,211.0,2158829.7290313765,2534610.3164175916,0.9400000000000003,211.0,,,,,,,,,,,,0,
32,55,luxury,-22439.775708307046,0.0,5105.9501712402225,32716.271395457858,1.0,36.0,482.0,,,361.0,1210502.0416319408,1232941.8173402478,0.495,361.0,,,,,,,,,,,,0,
33,55,luxury,1326697.6734037274,0.0,2246.493155300487,51201.33366160334,1.0,37.0,2019.0,,,361.0,1843248.0118177203,516550.33841399295,0.5700000000000001,361.0,,,,,,,,,,,,0,
34,55,luxury,-439445.01459242066,0.0,5594.024653490993,21918.487271985836,1.0,36.0,761.0,,,361.0,810984.0290634759,1250429.0436558966,0.6150000000000001,361.0,,,,,,,,,,,,0,
35,55,luxury,1502892.5614962555,0.0,2418.199638508168,56095.63610861801,1.0,37.0,2433.0,,,361.0,2019442.8999102484,516550.33841399295,0.6900000000000002,361.0,,,,,,,,,,,,0,
36,55,luxury,-419441.3336076301,0.0,6139.849169507538,23593.785662201313,1.0,36.0,990.0,,,361.0,872970.0695014487,1292411.4031090788,0.7150000000000002,361.0,,,,,,,,,,,,0,
37,55,luxury,1699935.2117782282,0.0,2532.670627313288,61569.04306089503,1.0,37.0,3031.0,,,361.0,2216485.550192221,516550.33841399295,0.7700000000000002,361.0,,,,,,,,,,,,0,
38,55,luxury,-313822.92430398334,0.0,6174.6049487872615,24710.6512556783,1.0,36.0,1091.0,,,361.0,914294.096460097,1228117.0207640803,0.8150000000000003,361.0,,,,,,,,,,,,0,
39,55,luxury,1712482.0480982084,0.0,2704.377110520969,61917.56629200559,1.0,37.0,3861.0,,,361.0,2229032.3865122013,516550.33841399295,0.8900000000000003,361.0,,,,,,,,,,,,0,
40,55,luxury,-289453.9989292327,0.0,6784.475196790459,26385.949645893776,1.0,36.0,1534.0,,,361.0,976280.1368980698,1265734.1358273025,0.9350000000000004,361.0,,,,,,,,,,,,0,
